Component: ARM Compiler 5.06 update 6 (build 750) Tool: armlink [4d35ed]

==============================================================================

Section Cross References

    startup_stm32f10x_md.o(RESET) refers to startup_stm32f10x_md.o(STACK) for __initial_sp
    startup_stm32f10x_md.o(RESET) refers to startup_stm32f10x_md.o(.text) for Reset_Handler
    startup_stm32f10x_md.o(RESET) refers to stm32f10x_it.o(i.NMI_Handler) for NMI_Handler
    startup_stm32f10x_md.o(RESET) refers to stm32f10x_it.o(i.HardFault_Handler) for HardFault_Handler
    startup_stm32f10x_md.o(RESET) refers to stm32f10x_it.o(i.MemManage_Handler) for MemManage_Handler
    startup_stm32f10x_md.o(RESET) refers to stm32f10x_it.o(i.BusFault_Handler) for BusFault_Handler
    startup_stm32f10x_md.o(RESET) refers to stm32f10x_it.o(i.UsageFault_Handler) for UsageFault_Handler
    startup_stm32f10x_md.o(RESET) refers to stm32f10x_it.o(i.SVC_Handler) for SVC_Handler
    startup_stm32f10x_md.o(RESET) refers to stm32f10x_it.o(i.DebugMon_Handler) for DebugMon_Handler
    startup_stm32f10x_md.o(RESET) refers to stm32f10x_it.o(i.PendSV_Handler) for PendSV_Handler
    startup_stm32f10x_md.o(RESET) refers to delay.o(i.SysTick_Handler) for SysTick_Handler
    startup_stm32f10x_md.o(RESET) refers to rtc.o(i.RTC_IRQHandler) for RTC_IRQHandler
    startup_stm32f10x_md.o(RESET) refers to tim3.o(i.TIM3_IRQHandler) for TIM3_IRQHandler
    startup_stm32f10x_md.o(.text) refers to system_stm32f10x.o(i.SystemInit) for SystemInit
    startup_stm32f10x_md.o(.text) refers to entry.o(.ARM.Collect$$$$00000000) for __main
    main.o(i.main) refers to stm32f10x_rcc.o(i.RCC_APB2PeriphClockCmd) for RCC_APB2PeriphClockCmd
    main.o(i.main) refers to stm32f10x_gpio.o(i.GPIO_PinRemapConfig) for GPIO_PinRemapConfig
    main.o(i.main) refers to delay.o(i.SysTick_Init) for SysTick_Init
    main.o(i.main) refers to led.o(i.Led_Config) for Led_Config
    main.o(i.main) refers to key.o(i.Key_Config) for Key_Config
    main.o(i.main) refers to usart1.o(i.USART1_Config) for USART1_Config
    main.o(i.main) refers to printf1.o(i.__0printf$1) for __2printf
    main.o(i.main) refers to rtc.o(i.RTC_Init) for RTC_Init
    main.o(i.main) refers to rtc.o(i.RTC_Set) for RTC_Set
    main.o(i.main) refers to lcd_driver.o(i.Lcd_Init) for Lcd_Init
    main.o(i.main) refers to max30100_pulseoximeter.o(i.SPO2_Init) for SPO2_Init
    main.o(i.main) refers to tim3.o(i.Time3_Init) for Time3_Init
    main.o(i.main) refers to led.o(i.Led1_Toggle) for Led1_Toggle
    main.o(i.main) refers to boxing.o(i.Average_filtering) for Average_filtering
    main.o(i.main) refers to ffixui.o(.text) for __aeabi_f2uiz
    main.o(i.main) refers to boxing.o(i.Draw_Diagram) for Draw_Diagram
    main.o(i.main) refers to delay.o(.data) for LedRun
    main.o(i.main) refers to max30100.o(.data) for rawIRValue
    system_stm32f10x.o(i.SetSysClock) refers to system_stm32f10x.o(i.SetSysClockTo72) for SetSysClockTo72
    system_stm32f10x.o(i.SystemCoreClockUpdate) refers to system_stm32f10x.o(.data) for SystemCoreClock
    system_stm32f10x.o(i.SystemInit) refers to system_stm32f10x.o(i.SetSysClock) for SetSysClock
    delay.o(i.Delay_ms) refers to delay.o(.data) for RunTime
    delay.o(i.SysTick_Handler) refers to delay.o(.data) for RunTime
    led.o(i.Led1_Toggle) refers to led.o(i.Led_ON) for Led_ON
    led.o(i.Led1_Toggle) refers to led.o(i.Led_OFF) for Led_OFF
    led.o(i.Led1_Toggle) refers to led.o(.data) for count
    led.o(i.Led_Config) refers to stm32f10x_rcc.o(i.RCC_APB2PeriphClockCmd) for RCC_APB2PeriphClockCmd
    led.o(i.Led_Config) refers to stm32f10x_gpio.o(i.GPIO_Init) for GPIO_Init
    led.o(i.Led_OFF) refers to stm32f10x_gpio.o(i.GPIO_SetBits) for GPIO_SetBits
    led.o(i.Led_ON) refers to stm32f10x_gpio.o(i.GPIO_ResetBits) for GPIO_ResetBits
    key.o(i.Get_KeyValue) refers to stm32f10x_gpio.o(i.GPIO_ReadInputDataBit) for GPIO_ReadInputDataBit
    key.o(i.Get_KeyValue) refers to delay.o(i.Delay_ms) for Delay_ms
    key.o(i.Key_Config) refers to stm32f10x_rcc.o(i.RCC_APB2PeriphClockCmd) for RCC_APB2PeriphClockCmd
    key.o(i.Key_Config) refers to stm32f10x_gpio.o(i.GPIO_Init) for GPIO_Init
    usart1.o(i.USART1_Config) refers to stm32f10x_rcc.o(i.RCC_APB2PeriphClockCmd) for RCC_APB2PeriphClockCmd
    usart1.o(i.USART1_Config) refers to stm32f10x_gpio.o(i.GPIO_Init) for GPIO_Init
    usart1.o(i.USART1_Config) refers to stm32f10x_usart.o(i.USART_Init) for USART_Init
    usart1.o(i.USART1_Config) refers to stm32f10x_usart.o(i.USART_Cmd) for USART_Cmd
    usart1.o(i.Usart_RecvByte) refers to stm32f10x_usart.o(i.USART_GetFlagStatus) for USART_GetFlagStatus
    usart1.o(i.Usart_RecvByte) refers to stm32f10x_usart.o(i.USART_ReceiveData) for USART_ReceiveData
    usart1.o(i.Usart_SendByte) refers to stm32f10x_usart.o(i.USART_GetFlagStatus) for USART_GetFlagStatus
[...]
    ../fplib/microlib/fpadd.c                0x00000000   Number         0  dadd.o ABSOLUTE
    ../fplib/microlib/fpdiv.c                0x00000000   Number         0  fdiv.o ABSOLUTE
    ../fplib/microlib/fpdiv.c                0x00000000   Number         0  ddiv.o ABSOLUTE
    ../fplib/microlib/fpepilogue.c           0x00000000   Number         0  fepilogue.o ABSOLUTE
    ../fplib/microlib/fpepilogue.c           0x00000000   Number         0  depilogue.o ABSOLUTE
    ../fplib/microlib/fpfix.c                0x00000000   Number         0  ffixui.o ABSOLUTE
    ../fplib/microlib/fpfix.c                0x00000000   Number         0  dfixul.o ABSOLUTE
    ../fplib/microlib/fpfix.c                0x00000000   Number         0  ffixi.o ABSOLUTE
    ../fplib/microlib/fpflt.c                0x00000000   Number         0  dfltui.o ABSOLUTE
    ../fplib/microlib/fpflt.c                0x00000000   Number         0  ffltui.o ABSOLUTE
    ../fplib/microlib/fpflt.c                0x00000000   Number         0  dflti.o ABSOLUTE
    ../fplib/microlib/fpflt.c                0x00000000   Number         0  fflti.o ABSOLUTE
    ../fplib/microlib/fpmul.c                0x00000000   Number         0  dmul.o ABSOLUTE
    ../fplib/microlib/fpmul.c                0x00000000   Number         0  fmul.o ABSOLUTE
    ../fplib/microlib/fpscalb.c              0x00000000   Number         0  dscalb.o ABSOLUTE
    ../mathlib/dunder.c                      0x00000000   Number         0  dunder.o ABSOLUTE
    ../mathlib/log.c                         0x00000000   Number         0  log_x.o ABSOLUTE
    ../mathlib/log.c                         0x00000000   Number         0  log.o ABSOLUTE
    ../mathlib/poly.c                        0x00000000   Number         0  poly.o ABSOLUTE
    ../mathlib/qnan.c                        0x00000000   Number         0  qnan.o ABSOLUTE
    ..\StdPeriph_Driver\src\misc.c           0x00000000   Number         0  misc.o ABSOLUTE
    ..\StdPeriph_Driver\src\stm32f10x_adc.c  0x00000000   Number         0  stm32f10x_adc.o ABSOLUTE
    ..\StdPeriph_Driver\src\stm32f10x_bkp.c  0x00000000   Number         0  stm32f10x_bkp.o ABSOLUTE
    ..\StdPeriph_Driver\src\stm32f10x_can.c  0x00000000   Number         0  stm32f10x_can.o ABSOLUTE
    ..\StdPeriph_Driver\src\stm32f10x_cec.c  0x00000000   Number         0  stm32f10x_cec.o ABSOLUTE
    ..\StdPeriph_Driver\src\stm32f10x_crc.c  0x00000000   Number         0  stm32f10x_crc.o ABSOLUTE
    ..\StdPeriph_Driver\src\stm32f10x_dac.c  0x00000000   Number         0  stm32f10x_dac.o ABSOLUTE
    ..\StdPeriph_Driver\src\stm32f10x_dbgmcu.c 0x00000000   Number         0  stm32f10x_dbgmcu.o ABSOLUTE
    ..\StdPeriph_Driver\src\stm32f10x_dma.c  0x00000000   Number         0  stm32f10x_dma.o ABSOLUTE
    ..\StdPeriph_Driver\src\stm32f10x_exti.c 0x00000000   Number         0  stm32f10x_exti.o ABSOLUTE
    ..\StdPeriph_Driver\src\stm32f10x_flash.c 0x00000000   Number         0  stm32f10x_flash.o ABSOLUTE
    ..\StdPeriph_Driver\src\stm32f10x_fsmc.c 0x00000000   Number         0  stm32f10x_fsmc.o ABSOLUTE
    ..\StdPeriph_Driver\src\stm32f10x_gpio.c 0x00000000   Number         0  stm32f10x_gpio.o ABSOLUTE
    ..\StdPeriph_Driver\src\stm32f10x_i2c.c  0x00000000   Number         0  stm32f10x_i2c.o ABSOLUTE
    ..\StdPeriph_Driver\src\stm32f10x_iwdg.c 0x00000000   Number         0  stm32f10x_iwdg.o ABSOLUTE
    ..\StdPeriph_Driver\src\stm32f10x_pwr.c  0x00000000   Number         0  stm32f10x_pwr.o ABSOLUTE
    ..\StdPeriph_Driver\src\stm32f10x_rcc.c  0x00000000   Number         0  stm32f10x_rcc.o ABSOLUTE
    ..\StdPeriph_Driver\src\stm32f10x_rtc.c  0x00000000   Number         0  stm32f10x_rtc.o ABSOLUTE
    ..\StdPeriph_Driver\src\stm32f10x_sdio.c 0x00000000   Number         0  stm32f10x_sdio.o ABSOLUTE
    ..\StdPeriph_Driver\src\stm32f10x_spi.c  0x00000000   Number         0  stm32f10x_spi.o ABSOLUTE
    ..\StdPeriph_Driver\src\stm32f10x_tim.c  0x00000000   Number         0  stm32f10x_tim.o ABSOLUTE
    ..\StdPeriph_Driver\src\stm32f10x_usart.c 0x00000000   Number         0  stm32f10x_usart.o ABSOLUTE
    ..\StdPeriph_Driver\src\stm32f10x_wwdg.c 0x00000000   Number         0  stm32f10x_wwdg.o ABSOLUTE
    ..\\StdPeriph_Driver\\src\\misc.c        0x00000000   Number         0  misc.o ABSOLUTE
    ..\\StdPeriph_Driver\\src\\stm32f10x_adc.c 0x00000000   Number         0  stm32f10x_adc.o ABSOLUTE
    ..\\StdPeriph_Driver\\src\\stm32f10x_bkp.c 0x00000000   Number         0  stm32f10x_bkp.o ABSOLUTE
    ..\\StdPeriph_Driver\\src\\stm32f10x_can.c 0x00000000   Number         0  stm32f10x_can.o ABSOLUTE
    ..\\StdPeriph_Driver\\src\\stm32f10x_cec.c 0x00000000   Number         0  stm32f10x_cec.o ABSOLUTE
    ..\\StdPeriph_Driver\\src\\stm32f10x_crc.c 0x00000000   Number         0  stm32f10x_crc.o ABSOLUTE
    ..\\StdPeriph_Driver\\src\\stm32f10x_dac.c 0x00000000   Number         0  stm32f10x_dac.o ABSOLUTE
    ..\\StdPeriph_Driver\\src\\stm32f10x_dbgmcu.c 0x00000000   Number         0  stm32f10x_dbgmcu.o ABSOLUTE
    ..\\StdPeriph_Driver\\src\\stm32f10x_dma.c 0x00000000   Number         0  stm32f10x_dma.o ABSOLUTE
    ..\\StdPeriph_Driver\\src\\stm32f10x_exti.c 0x00000000   Number         0  stm32f10x_exti.o ABSOLUTE
    ..\\StdPeriph_Driver\\src\\stm32f10x_flash.c 0x00000000   Number         0  stm32f10x_flash.o ABSOLUTE
    ..\\StdPeriph_Driver\\src\\stm32f10x_fsmc.c 0x00000000   Number         0  stm32f10x_fsmc.o ABSOLUTE
    ..\\StdPeriph_Driver\\src\\stm32f10x_gpio.c 0x00000000   Number         0  stm32f10x_gpio.o ABSOLUTE
    ..\\StdPeriph_Driver\\src\\stm32f10x_i2c.c 0x00000000   Number         0  stm32f10x_i2c.o ABSOLUTE
    ..\\StdPeriph_Driver\\src\\stm32f10x_iwdg.c 0x00000000   Number         0  stm32f10x_iwdg.o ABSOLUTE
    ..\\StdPeriph_Driver\\src\\stm32f10x_pwr.c 0x00000000   Number         0  stm32f10x_pwr.o ABSOLUTE
    ..\\StdPeriph_Driver\\src\\stm32f10x_rcc.c 0x00000000   Number         0  stm32f10x_rcc.o ABSOLUTE
    ..\\StdPeriph_Driver\\src\\stm32f10x_rtc.c 0x00000000   Number         0  stm32f10x_rtc.o ABSOLUTE
    ..\\StdPeriph_Driver\\src\\stm32f10x_sdio.c 0x00000000   Number         0  stm32f10x_sdio.o ABSOLUTE
    ..\\StdPeriph_Driver\\src\\stm32f10x_spi.c 0x00000000   Number         0  stm32f10x_spi.o ABSOLUTE
    ..\\StdPeriph_Driver\\src\\stm32f10x_tim.c 0x00000000   Number         0  stm32f10x_tim.o ABSOLUTE
    ..\\StdPeriph_Driver\\src\\stm32f10x_usart.c 0x00000000   Number         0  stm32f10x_usart.o ABSOLUTE
    ..\\StdPeriph_Driver\\src\\stm32f10x_wwdg.c 0x00000000   Number         0  stm32f10x_wwdg.o ABSOLUTE
    ..\\max30100\\MAX30100.c                 0x00000000   Number         0  max30100.o ABSOLUTE
    ..\\max30100\\MAX30100_BeatDetector.c    0x00000000   Number         0  max30100_beatdetector.o ABSOLUTE
    ..\\max30100\\MAX30100_PulseOximeter.c   0x00000000   Number         0  max30100_pulseoximeter.o ABSOLUTE
    ..\\max30100\\MAX30100_SpO2Calculator.c  0x00000000   Number         0  max30100_spo2calculator.o ABSOLUTE
    ..\\max30100\\boxing.c                   0x00000000   Number         0  boxing.o ABSOLUTE
    ..\\max30100\\myiic.c                    0x00000000   Number         0  myiic.o ABSOLUTE
    ..\\max30100\\tim3.c                     0x00000000   Number         0  tim3.o ABSOLUTE
    ..\\user\\api\\Lcd_Driver.c              0x00000000   Number         0  lcd_driver.o ABSOLUTE
    ..\\user\\api\\delay.c                   0x00000000   Number         0  delay.o ABSOLUTE
    ..\\user\\api\\key.c                     0x00000000   Number         0  key.o ABSOLUTE
    ..\\user\\api\\led.c                     0x00000000   Number         0  led.o ABSOLUTE
    ..\\user\\api\\rtc.c                     0x00000000   Number         0  rtc.o ABSOLUTE
    ..\\user\\api\\usart1.c                  0x00000000   Number         0  usart1.o ABSOLUTE
    ..\\user\\main.c                         0x00000000   Number         0  main.o ABSOLUTE
    ..\\user\\stm32f10x_it.c                 0x00000000   Number         0  stm32f10x_it.o ABSOLUTE
    ..\\user\\system_stm32f10x.c             0x00000000   Number         0  system_stm32f10x.o ABSOLUTE
    ..\max30100\MAX30100.c                   0x00000000   Number         0  max30100.o ABSOLUTE
    ..\max30100\MAX30100_BeatDetector.c      0x00000000   Number         0  max30100_beatdetector.o ABSOLUTE
    ..\max30100\MAX30100_Filters.c           0x00000000   Number         0  max30100_filters.o ABSOLUTE
    ..\max30100\MAX30100_PulseOximeter.c     0x00000000   Number         0  max30100_pulseoximeter.o ABSOLUTE
    ..\max30100\MAX30100_SpO2Calculator.c    0x00000000   Number         0  max30100_spo2calculator.o ABSOLUTE
    ..\max30100\boxing.c                     0x00000000   Number         0  boxing.o ABSOLUTE
    ..\max30100\myiic.c                      0x00000000   Number         0  myiic.o ABSOLUTE
    ..\max30100\tim3.c                       0x00000000   Number         0  tim3.o ABSOLUTE
    ..\startup\startup_stm32f10x_md.s        0x00000000   Number         0  startup_stm32f10x_md.o ABSOLUTE
    ..\user\api\Lcd_Driver.c                 0x00000000   Number         0  lcd_driver.o ABSOLUTE
    ..\user\api\delay.c                      0x00000000   Number         0  delay.o ABSOLUTE
    ..\user\api\key.c                        0x00000000   Number         0  key.o ABSOLUTE
    ..\user\api\led.c                        0x00000000   Number         0  led.o ABSOLUTE
    ..\user\api\rtc.c                        0x00000000   Number         0  rtc.o ABSOLUTE
    ..\user\api\usart1.c                     0x00000000   Number         0  usart1.o ABSOLUTE
    ..\user\main.c                           0x00000000   Number         0  main.o ABSOLUTE
    ..\user\stm32f10x_it.c                   0x00000000   Number         0  stm32f10x_it.o ABSOLUTE
    ..\user\system_stm32f10x.c               0x00000000   Number         0  system_stm32f10x.o ABSOLUTE
    cdcmple.s                                0x00000000   Number         0  cdcmple.o ABSOLUTE
    cdrcmple.s                               0x00000000   Number         0  cdrcmple.o ABSOLUTE
    cfcmple.s                                0x00000000   Number         0  cfcmple.o ABSOLUTE
    cfrcmple.s                               0x00000000   Number         0  cfrcmple.o ABSOLUTE
    dc.s                                     0x00000000   Number         0  dc.o ABSOLUTE
    handlers.s                               0x00000000   Number         0  handlers.o ABSOLUTE
    init.s                                   0x00000000   Number         0  init.o ABSOLUTE
    RESET                                    0x08000000   Section      236  startup_stm32f10x_md.o(RESET)
    .ARM.Collect$$$$00000000                 0x080000ec   Section        0  entry.o(.ARM.Collect$$$$00000000)
    .ARM.Collect$$$$00000001                 0x080000ec   Section        4  entry2.o(.ARM.Collect$$$$00000001)
    .ARM.Collect$$$$00000004                 0x080000f0   Section        4  entry5.o(.ARM.Collect$$$$00000004)
    .ARM.Collect$$$$00000008                 0x080000f4   Section        0  entry7b.o(.ARM.Collect$$$$00000008)
    .ARM.Collect$$$$0000000A                 0x080000f4   Section        0  entry8b.o(.ARM.Collect$$$$0000000A)
    .ARM.Collect$$$$0000000B                 0x080000f4   Section        8  entry9a.o(.ARM.Collect$$$$0000000B)
    .ARM.Collect$$$$0000000D                 0x080000fc   Section        0  entry10a.o(.ARM.Collect$$$$0000000D)
    .ARM.Collect$$$$0000000F                 0x080000fc   Section        0  entry11a.o(.ARM.Collect$$$$0000000F)
    .ARM.Collect$$$$00002712                 0x080000fc   Section        4  entry2.o(.ARM.Collect$$$$00002712)
    __lit__00000000                          0x080000fc   Data           4  entry2.o(.ARM.Collect$$$$00002712)
    .text                                    0x08000100   Section       36  startup_stm32f10x_md.o(.text)
    .text                                    0x08000124   Section        0  fadd.o(.text)
    .text                                    0x080001d4   Section        0  fmul.o(.text)
    .text                                    0x08000238   Section        0  fdiv.o(.text)
    .text                                    0x080002b4   Section        0  dadd.o(.text)
    .text                                    0x08000402   Section        0  dmul.o(.text)
    .text                                    0x080004e6   Section        0  ddiv.o(.text)
    .text                                    0x080005c4   Section        0  fflti.o(.text)
    .text                                    0x080005d6   Section        0  ffltui.o(.text)
    .text                                    0x080005e0   Section        0  dfltui.o(.text)
    .text                                    0x080005fa   Section        0  ffixi.o(.text)
    .text                                    0x0800062c   Section        0  ffixui.o(.text)
    .text                                    0x08000654   Section        0  f2d.o(.text)
    .text                                    0x0800067c   Section       48  cdrcmple.o(.text)
    .text                                    0x080006ac   Section        0  d2f.o(.text)
    .text                                    0x080006e4   Section       20  cfcmple.o(.text)
    .text                                    0x080006f8   Section       20  cfrcmple.o(.text)
    .text                                    0x0800070c   Section        0  uidiv.o(.text)
    .text                                    0x08000738   Section        0  llshl.o(.text)
    .text                                    0x08000756   Section        0  llsshr.o(.text)
    .text                                    0x0800077a   Section        0  iusefp.o(.text)
    .text                                    0x0800077a   Section        0  fepilogue.o(.text)
    .text                                    0x080007e8   Section        0  depilogue.o(.text)
    .text                                    0x080008a2   Section        0  dscalb.o(.text)
    .text                                    0x080008d0   Section        0  dflti.o(.text)
    .text                                    0x080008f4   Section       48  cdcmple.o(.text)
    .text                                    0x08000924   Section       36  init.o(.text)
    .text                                    0x08000948   Section        0  llushr.o(.text)
    i.Average_filtering                      0x08000968   Section        0  boxing.o(i.Average_filtering)
    i.BKP_DeInit                             0x08000a50   Section        0  stm32f10x_bkp.o(i.BKP_DeInit)
    i.BKP_ReadBackupRegister                 0x08000a60   Section        0  stm32f10x_bkp.o(i.BKP_ReadBackupRegister)
    i.BKP_WriteBackupRegister                0x08000a7c   Section        0  stm32f10x_bkp.o(i.BKP_WriteBackupRegister)
    i.BeatDetector                           0x08000a98   Section        0  max30100_beatdetector.o(i.BeatDetector)
    i.Buff_Read                              0x08000acc   Section        0  max30100.o(i.Buff_Read)
    i.BusFault_Handler                       0x08000b2e   Section        0  stm32f10x_it.o(i.BusFault_Handler)
    i.DCRemover1                             0x08000b32   Section        0  max30100_filters.o(i.DCRemover1)
    i.DebugMon_Handler                       0x08000b3a   Section        0  stm32f10x_it.o(i.DebugMon_Handler)
    i.Delay_ms                               0x08000b3c   Section        0  delay.o(i.Delay_ms)
    i.Draw_Diagram                           0x08000b54   Section        0  boxing.o(i.Draw_Diagram)
    i.FBstep                                 0x08000c4c   Section        0  max30100_filters.o(i.FBstep)
    i.GPIO_Init                              0x08000cb4   Section        0  stm32f10x_gpio.o(i.GPIO_Init)
    i.GPIO_PinRemapConfig                    0x08000dcc   Section        0  stm32f10x_gpio.o(i.GPIO_PinRemapConfig)
    i.GPIO_ResetBits                         0x08000e5c   Section        0  stm32f10x_gpio.o(i.GPIO_ResetBits)
    i.GPIO_SetBits                           0x08000e60   Section        0  stm32f10x_gpio.o(i.GPIO_SetBits)
    i.Gui_DrawLine                           0x08000e64   Section        0  lcd_driver.o(i.Gui_DrawLine)
    i.Gui_DrawPoint                          0x08000f1e   Section        0  lcd_driver.o(i.Gui_DrawPoint)
    i.HardFault_Handler                      0x08000f3e   Section        0  stm32f10x_it.o(i.HardFault_Handler)
    i.IIC_Ack                                0x08000f44   Section        0  myiic.o(i.IIC_Ack)
    i.IIC_Delay2                             0x08000f90   Section        0  myiic.o(i.IIC_Delay2)
    i.IIC_Init                               0x08000fa4   Section        0  myiic.o(i.IIC_Init)
    i.IIC_NAck                               0x08000ff0   Section        0  myiic.o(i.IIC_NAck)
    i.IIC_Read_Byte                          0x0800103c   Section        0  myiic.o(i.IIC_Read_Byte)
    i.IIC_Send_Byte                          0x080010a8   Section        0  myiic.o(i.IIC_Send_Byte)
    i.IIC_Start                              0x08001104   Section        0  myiic.o(i.IIC_Start)
    i.IIC_Stop                               0x0800114c   Section        0  myiic.o(i.IIC_Stop)
    i.IIC_Wait_Ack                           0x08001194   Section        0  myiic.o(i.IIC_Wait_Ack)
    i.Is_Leap_Year                           0x080011f8   Section        0  rtc.o(i.Is_Leap_Year)
    i.Key_Config                             0x08001234   Section        0  key.o(i.Key_Config)
    i.LCD_GPIO_Init                          0x0800128c   Section        0  lcd_driver.o(i.LCD_GPIO_Init)
    i.LCD_WriteData_16Bit                    0x08001300   Section        0  lcd_driver.o(i.LCD_WriteData_16Bit)
    i.Lcd_Clear                              0x08001330   Section        0  lcd_driver.o(i.Lcd_Clear)
    i.Lcd_Init                               0x08001364   Section        0  lcd_driver.o(i.Lcd_Init)
    i.Lcd_Reset                              0x08001598   Section        0  lcd_driver.o(i.Lcd_Reset)
    i.Lcd_SetRegion                          0x080015bc   Section        0  lcd_driver.o(i.Lcd_SetRegion)
    i.Lcd_SetXY                              0x08001612   Section        0  lcd_driver.o(i.Lcd_SetXY)
    i.Lcd_WriteData                          0x08001628   Section        0  lcd_driver.o(i.Lcd_WriteData)
    i.Lcd_WriteIndex                         0x08001650   Section        0  lcd_driver.o(i.Lcd_WriteIndex)
    i.Led1_Toggle                            0x08001678   Section        0  led.o(i.Led1_Toggle)
    i.Led_Config                             0x080016c0   Section        0  led.o(i.Led_Config)
    i.Led_OFF                                0x080016ec   Section        0  led.o(i.Led_OFF)
    i.Led_ON                                 0x080016fc   Section        0  led.o(i.Led_ON)
    i.MemManage_Handler                      0x0800170c   Section        0  stm32f10x_it.o(i.MemManage_Handler)
    i.NMI_Handler                            0x08001710   Section        0  stm32f10x_it.o(i.NMI_Handler)
    i.NVIC_Init                              0x08001714   Section        0  misc.o(i.NVIC_Init)
    i.POupdate                               0x08001784   Section        0  max30100_pulseoximeter.o(i.POupdate)
    i.PWR_BackupAccessCmd                    0x0800178c   Section        0  stm32f10x_pwr.o(i.PWR_BackupAccessCmd)
    i.PendSV_Handler                         0x08001798   Section        0  stm32f10x_it.o(i.PendSV_Handler)
    i.PulseOximeter                          0x0800179c   Section        0  max30100_pulseoximeter.o(i.PulseOximeter)
    i.RCC_APB1PeriphClockCmd                 0x080017e4   Section        0  stm32f10x_rcc.o(i.RCC_APB1PeriphClockCmd)
    i.RCC_APB2PeriphClockCmd                 0x08001804   Section        0  stm32f10x_rcc.o(i.RCC_APB2PeriphClockCmd)
    i.RCC_BackupResetCmd                     0x08001824   Section        0  stm32f10x_rcc.o(i.RCC_BackupResetCmd)
    i.RCC_GetClocksFreq                      0x08001830   Section        0  stm32f10x_rcc.o(i.RCC_GetClocksFreq)
    i.RCC_GetFlagStatus                      0x08001904   Section        0  stm32f10x_rcc.o(i.RCC_GetFlagStatus)
    i.RCC_LSICmd                             0x08001940   Section        0  stm32f10x_rcc.o(i.RCC_LSICmd)
    i.RCC_RTCCLKCmd                          0x0800194c   Section        0  stm32f10x_rcc.o(i.RCC_RTCCLKCmd)
    i.RCC_RTCCLKConfig                       0x08001958   Section        0  stm32f10x_rcc.o(i.RCC_RTCCLKConfig)
    i.RTC_ClearITPendingBit                  0x08001968   Section        0  stm32f10x_rtc.o(i.RTC_ClearITPendingBit)
    i.RTC_EnterConfigMode                    0x08001978   Section        0  stm32f10x_rtc.o(i.RTC_EnterConfigMode)
    i.RTC_ExitConfigMode                     0x0800198c   Section        0  stm32f10x_rtc.o(i.RTC_ExitConfigMode)
    i.RTC_Get                                0x080019a0   Section        0  rtc.o(i.RTC_Get)
    i.RTC_GetCounter                         0x08001aa0   Section        0  stm32f10x_rtc.o(i.RTC_GetCounter)
    i.RTC_GetITStatus                        0x08001ab4   Section        0  stm32f10x_rtc.o(i.RTC_GetITStatus)
    i.RTC_Get_Week                           0x08001ad8   Section        0  rtc.o(i.RTC_Get_Week)
    i.RTC_IRQHandler                         0x08001b50   Section        0  rtc.o(i.RTC_IRQHandler)
    i.RTC_ITConfig                           0x08001b7c   Section        0  stm32f10x_rtc.o(i.RTC_ITConfig)
    i.RTC_Init                               0x08001b9c   Section        0  rtc.o(i.RTC_Init)
    i.RTC_NVIC_Config                        0x08001c5a   Section        0  rtc.o(i.RTC_NVIC_Config)
    RTC_NVIC_Config                          0x08001c5b   Thumb Code    32  rtc.o(i.RTC_NVIC_Config)
    i.RTC_Set                                0x08001c7c   Section        0  rtc.o(i.RTC_Set)
    i.RTC_SetCounter                         0x08001d44   Section        0  stm32f10x_rtc.o(i.RTC_SetCounter)
    i.RTC_SetPrescaler                       0x08001d60   Section        0  stm32f10x_rtc.o(i.RTC_SetPrescaler)
    i.RTC_WaitForLastTask                    0x08001d80   Section        0  stm32f10x_rtc.o(i.RTC_WaitForLastTask)
    i.RTC_WaitForSynchro                     0x08001d94   Section        0  stm32f10x_rtc.o(i.RTC_WaitForSynchro)
    i.Read_One_Byte                          0x08001db8   Section        0  max30100.o(i.Read_One_Byte)
    i.SPI_WriteData                          0x08001e08   Section        0  lcd_driver.o(i.SPI_WriteData)
    i.SPO2_Init                              0x08001e44   Section        0  max30100_pulseoximeter.o(i.SPO2_Init)
    i.SPO2update                             0x08001ec8   Section        0  max30100_spo2calculator.o(i.SPO2update)
    i.SVC_Handler                            0x08001ff8   Section        0  stm32f10x_it.o(i.SVC_Handler)
    i.SetSysClock                            0x08001ffa   Section        0  system_stm32f10x.o(i.SetSysClock)
    SetSysClock                              0x08001ffb   Thumb Code     8  system_stm32f10x.o(i.SetSysClock)
    i.SetSysClockTo72                        0x08002004   Section        0  system_stm32f10x.o(i.SetSysClockTo72)
    SetSysClockTo72                          0x08002005   Thumb Code   214  system_stm32f10x.o(i.SetSysClockTo72)
    i.SysTick_Handler                        0x080020e4   Section        0  delay.o(i.SysTick_Handler)
    i.SysTick_Init                           0x08002110   Section        0  delay.o(i.SysTick_Init)
    i.SystemInit                             0x08002164   Section        0  system_stm32f10x.o(i.SystemInit)
    i.TIM3_IRQHandler                        0x080021c4   Section        0  tim3.o(i.TIM3_IRQHandler)
    i.TIM_ARRPreloadConfig                   0x080021e4   Section        0  stm32f10x_tim.o(i.TIM_ARRPreloadConfig)
    i.TIM_ClearFlag                          0x080021fc   Section        0  stm32f10x_tim.o(i.TIM_ClearFlag)
    i.TIM_Cmd                                0x08002202   Section        0  stm32f10x_tim.o(i.TIM_Cmd)
    i.TIM_GetFlagStatus                      0x0800221a   Section        0  stm32f10x_tim.o(i.TIM_GetFlagStatus)
    i.TIM_ITConfig                           0x0800222c   Section        0  stm32f10x_tim.o(i.TIM_ITConfig)
    i.TIM_TimeBaseInit                       0x08002240   Section        0  stm32f10x_tim.o(i.TIM_TimeBaseInit)
    i.Time3_Init                             0x080022e4   Section        0  tim3.o(i.Time3_Init)
    i.USART1_Config                          0x0800237c   Section        0  usart1.o(i.USART1_Config)
    i.USART_Cmd                              0x080023f8   Section        0  stm32f10x_usart.o(i.USART_Cmd)
    i.USART_GetFlagStatus                    0x08002410   Section        0  stm32f10x_usart.o(i.USART_GetFlagStatus)
    i.USART_Init                             0x0800242c   Section        0  stm32f10x_usart.o(i.USART_Init)
    i.USART_SendData                         0x08002504   Section        0  stm32f10x_usart.o(i.USART_SendData)
    i.UsageFault_Handler                     0x0800250c   Section        0  stm32f10x_it.o(i.UsageFault_Handler)
    i.Usart_SendByte                         0x08002510   Section        0  usart1.o(i.Usart_SendByte)
    i.Write_One_Byte                         0x08002530   Section        0  max30100.o(i.Write_One_Byte)
    i.__0printf$1                            0x08002574   Section        0  printf1.o(i.__0printf$1)
    i.__kernel_poly                          0x08002594   Section        0  poly.o(i.__kernel_poly)
    i.__mathlib_dbl_divzero                  0x08002640   Section        0  dunder.o(i.__mathlib_dbl_divzero)
    i.__mathlib_dbl_infnan                   0x08002650   Section        0  dunder.o(i.__mathlib_dbl_infnan)
    i.__mathlib_dbl_invalid                  0x08002656   Section        0  dunder.o(i.__mathlib_dbl_invalid)
    i.__scatterload_copy                     0x08002662   Section       14  handlers.o(i.__scatterload_copy)
    i.__scatterload_null                     0x08002670   Section        2  handlers.o(i.__scatterload_null)
    i.__scatterload_zeroinit                 0x08002672   Section       14  handlers.o(i.__scatterload_zeroinit)
    i.__set_errno                            0x08002680   Section        0  errno.o(i.__set_errno)
    i._printf_core                           0x0800268c   Section        0  printf1.o(i._printf_core)
    _printf_core                             0x0800268d   Thumb Code   336  printf1.o(i._printf_core)
    i.addSample                              0x080027e0   Section        0  max30100_beatdetector.o(i.addSample)
    i.begin                                  0x080027ec   Section        0  max30100_pulseoximeter.o(i.begin)
    i.checkForBeat                           0x08002828   Section        0  max30100_beatdetector.o(i.checkForBeat)
    i.checkSample                            0x080029a8   Section        0  max30100_pulseoximeter.o(i.checkSample)
    i.decreaseThreshold                      0x08002a9c   Section        0  max30100_beatdetector.o(i.decreaseThreshold)
    i.fputc                                  0x08002b60   Section        0  usart1.o(i.fputc)
    i.getRate                                0x08002b70   Section        0  max30100_beatdetector.o(i.getRate)
    i.getSpO2                                0x08002bac   Section        0  max30100_spo2calculator.o(i.getSpO2)
    i.log                                    0x08002bb8   Section        0  log.o(i.log)
    i.main                                   0x08002f14   Section        0  main.o(i.main)
    i.millis                                 0x0800302c   Section        0  max30100_beatdetector.o(i.millis)
    i.min                                    0x08003038   Section        0  max30100_beatdetector.o(i.min)
    i.onBeatDetected1                        0x08003046   Section        0  max30100_pulseoximeter.o(i.onBeatDetected1)
    i.readFifoData                           0x08003048   Section        0  max30100.o(i.readFifoData)
    i.reset                                  0x08003080   Section        0  max30100_spo2calculator.o(i.reset)
    i.setHighresModeEnabled                  0x080030ac   Section        0  max30100.o(i.setHighresModeEnabled)
    i.setLedsCurrent                         0x080030d2   Section        0  max30100.o(i.setLedsCurrent)
    i.setLedsPulseWidth                      0x080030e6   Section        0  max30100.o(i.setLedsPulseWidth)
    i.setMode                                0x08003102   Section        0  max30100.o(i.setMode)
    i.setOnBeatDetectedCallback              0x08003110   Section        0  max30100_pulseoximeter.o(i.setOnBeatDetectedCallback)
    i.setSamplingRate                        0x0800311c   Section        0  max30100.o(i.setSamplingRate)
    i.step                                   0x0800313a   Section        0  max30100_filters.o(i.step)
    i.update                                 0x08003164   Section        0  max30100.o(i.update)
    .constdata                               0x0800316c   Section       24  rtc.o(.constdata)
    .constdata                               0x08003188   Section       56  log.o(.constdata)
    Lg2                                      0x08003188   Data          24  log.o(.constdata)
    Lg                                       0x080031a0   Data          32  log.o(.constdata)
    .constdata                               0x080031c0   Section        8  qnan.o(.constdata)
    .data                                    0x20000000   Section       20  delay.o(.data)
    .data                                    0x20000014   Section        1  led.o(.data)
    count                                    0x20000014   Data           1  led.o(.data)
    .data                                    0x20000016   Section        2  rtc.o(.data)
    daycnt                                   0x20000016   Data           2  rtc.o(.data)
    .data                                    0x20000018   Section       20  stm32f10x_rcc.o(.data)
    APBAHBPrescTable                         0x20000018   Data          16  stm32f10x_rcc.o(.data)
    ADCPrescTable                            0x20000028   Data           4  stm32f10x_rcc.o(.data)
    .data                                    0x2000002c   Section       22  boxing.o(.data)
    rate_y                                   0x2000003c   Data           2  boxing.o(.data)
    rate_y_old                               0x2000003e   Data           2  boxing.o(.data)
    rate_x                                   0x20000040   Data           2  boxing.o(.data)
    .data                                    0x20000042   Section        5  max30100.o(.data)
    .data                                    0x20000048   Section       20  max30100_beatdetector.o(.data)
    .data                                    0x2000005c   Section        8  max30100_filters.o(.data)
    .data                                    0x20000064   Section       55  max30100_pulseoximeter.o(.data)
    .data                                    0x2000009c   Section       61  max30100_spo2calculator.o(.data)
    .data                                    0x200000dc   Section        4  stdout.o(.data)
    .data                                    0x200000e0   Section        4  errno.o(.data)
    _errno                                   0x200000e0   Data           4  errno.o(.data)
    .bss                                     0x200000e4   Section       10  rtc.o(.bss)
    .bss                                     0x200000f0   Section       40  boxing.o(.bss)
    STACK                                    0x20000118   Section     1024  startup_stm32f10x_md.o(STACK)

    Global Symbols

    Symbol Name                              Value     Ov Type        Size  Object(Section)

    BuildAttributes$$THM_ISAv4$P$D$K$B$S$PE$A:L22UL41UL21$X:L11$S22US41US21$IEEE1$IW$USESV6$~STKCKD$USESV7$~SHL$OTIME$ROPI$IEEEX$EBA8$MICROLIB$REQ8$PRES8$EABIv2 0x00000000   Number         0  anon$$obj.o ABSOLUTE
    __ARM_use_no_argv                        0x00000000   Number         0  main.o ABSOLUTE
    _printf_a                                0x00000000   Number         0  stubs.o ABSOLUTE
    _printf_c                                0x00000000   Number         0  stubs.o ABSOLUTE
    _printf_charcount                        0x00000000   Number         0  stubs.o ABSOLUTE
    _printf_d                                0x00000000   Number         0  stubs.o ABSOLUTE
    _printf_e                                0x00000000   Number         0  stubs.o ABSOLUTE
    _printf_f                                0x00000000   Number         0  stubs.o ABSOLUTE
    _printf_flags                            0x00000000   Number         0  stubs.o ABSOLUTE
    _printf_fp_dec                           0x00000000   Number         0  stubs.o ABSOLUTE
    _printf_fp_hex                           0x00000000   Number         0  stubs.o ABSOLUTE
    _printf_g                                0x00000000   Number         0  stubs.o ABSOLUTE
    _printf_i                                0x00000000   Number         0  stubs.o ABSOLUTE
    _printf_int_dec                          0x00000000   Number         0  stubs.o ABSOLUTE
    _printf_l                                0x00000000   Number         0  stubs.o ABSOLUTE
    _printf_lc                               0x00000000   Number         0  stubs.o ABSOLUTE
    _printf_ll                               0x00000000   Number         0  stubs.o ABSOLUTE
    _printf_lld                              0x00000000   Number         0  stubs.o ABSOLUTE
    _printf_lli                              0x00000000   Number         0  stubs.o ABSOLUTE
    _printf_llo                              0x00000000   Number         0  stubs.o ABSOLUTE
    _printf_llu                              0x00000000   Number         0  stubs.o ABSOLUTE
    _printf_llx                              0x00000000   Number         0  stubs.o ABSOLUTE
    _printf_longlong_dec                     0x00000000   Number         0  stubs.o ABSOLUTE
    _printf_longlong_hex                     0x00000000   Number         0  stubs.o ABSOLUTE
    _printf_longlong_oct                     0x00000000   Number         0  stubs.o ABSOLUTE
    _printf_ls                               0x00000000   Number         0  stubs.o ABSOLUTE
    _printf_mbtowc                           0x00000000   Number         0  stubs.o ABSOLUTE
    _printf_n                                0x00000000   Number         0  stubs.o ABSOLUTE
    _printf_o                                0x00000000   Number         0  stubs.o ABSOLUTE
    _printf_p                                0x00000000   Number         0  stubs.o ABSOLUTE
    _printf_percent                          0x00000000   Number         0  stubs.o ABSOLUTE
    _printf_pre_padding                      0x00000000   Number         0  stubs.o ABSOLUTE
    _printf_return_value                     0x00000000   Number         0  stubs.o ABSOLUTE
    _printf_s                                0x00000000   Number         0  stubs.o ABSOLUTE
    _printf_sizespec                         0x00000000   Number         0  stubs.o ABSOLUTE
    _printf_str                              0x00000000   Number         0  stubs.o ABSOLUTE
    _printf_truncate_signed                  0x00000000   Number         0  stubs.o ABSOLUTE
    _printf_truncate_unsigned                0x00000000   Number         0  stubs.o ABSOLUTE
    _printf_u                                0x00000000   Number         0  stubs.o ABSOLUTE
    _printf_wc                               0x00000000   Number         0  stubs.o ABSOLUTE
    _printf_wctomb                           0x00000000   Number         0  stubs.o ABSOLUTE
    _printf_widthprec                        0x00000000   Number         0  stubs.o ABSOLUTE
    _printf_x                                0x00000000   Number         0  stubs.o ABSOLUTE
    __cpp_initialize__aeabi_                  - Undefined Weak Reference
    __cxa_finalize                            - Undefined Weak Reference
    __decompress                              - Undefined Weak Reference
    _clock_init                               - Undefined Weak Reference
    _microlib_exit                            - Undefined Weak Reference
    __Vectors_Size                           0x000000ec   Number         0  startup_stm32f10x_md.o ABSOLUTE
    __Vectors                                0x08000000   Data           4  startup_stm32f10x_md.o(RESET)
    __Vectors_End                            0x080000ec   Data           0  startup_stm32f10x_md.o(RESET)
    __main                                   0x080000ed   Thumb Code     0  entry.o(.ARM.Collect$$$$00000000)
    _main_stk                                0x080000ed   Thumb Code     0  entry2.o(.ARM.Collect$$$$00000001)
    _main_scatterload                        0x080000f1   Thumb Code     0  entry5.o(.ARM.Collect$$$$00000004)
    __main_after_scatterload                 0x080000f5   Thumb Code     0  entry5.o(.ARM.Collect$$$$00000004)
    _main_clock                              0x080000f5   Thumb Code     0  entry7b.o(.ARM.Collect$$$$00000008)
    _main_cpp_init                           0x080000f5   Thumb Code     0  entry8b.o(.ARM.Collect$$$$0000000A)
    _main_init                               0x080000f5   Thumb Code     0  entry9a.o(.ARM.Collect$$$$0000000B)
    __rt_final_cpp                           0x080000fd   Thumb Code     0  entry10a.o(.ARM.Collect$$$$0000000D)
    __rt_final_exit                          0x080000fd   Thumb Code     0  entry11a.o(.ARM.Collect$$$$0000000F)
    Reset_Handler                            0x08000101   Thumb Code     8  startup_stm32f10x_md.o(.text)
    ADC1_2_IRQHandler                        0x0800011b   Thumb Code     0  startup_stm32f10x_md.o(.text)
    CAN1_RX1_IRQHandler                      0x0800011b   Thumb Code     0  startup_stm32f10x_md.o(.text)
    CAN1_SCE_IRQHandler                      0x0800011b   Thumb Code     0  startup_stm32f10x_md.o(.text)
    DMA1_Channel1_IRQHandler                 0x0800011b   Thumb Code     0  startup_stm32f10x_md.o(.text)
    DMA1_Channel2_IRQHandler                 0x0800011b   Thumb Code     0  startup_stm32f10x_md.o(.text)
    DMA1_Channel3_IRQHandler                 0x0800011b   Thumb Code     0  startup_stm32f10x_md.o(.text)
    DMA1_Channel4_IRQHandler                 0x0800011b   Thumb Code     0  startup_stm32f10x_md.o(.text)
    DMA1_Channel5_IRQHandler                 0x0800011b   Thumb Code     0  startup_stm32f10x_md.o(.text)
    DMA1_Channel6_IRQHandler                 0x0800011b   Thumb Code     0  startup_stm32f10x_md.o(.text)
    DMA1_Channel7_IRQHandler                 0x0800011b   Thumb Code     0  startup_stm32f10x_md.o(.text)
    EXTI0_IRQHandler                         0x0800011b   Thumb Code     0  startup_stm32f10x_md.o(.text)
    EXTI15_10_IRQHandler                     0x0800011b   Thumb Code     0  startup_stm32f10x_md.o(.text)
    EXTI1_IRQHandler                         0x0800011b   Thumb Code     0  startup_stm32f10x_md.o(.text)
    EXTI2_IRQHandler                         0x0800011b   Thumb Code     0  startup_stm32f10x_md.o(.text)
    EXTI3_IRQHandler                         0x0800011b   Thumb Code     0  startup_stm32f10x_md.o(.text)
    EXTI4_IRQHandler                         0x0800011b   Thumb Code     0  startup_stm32f10x_md.o(.text)
    EXTI9_5_IRQHandler                       0x0800011b   Thumb Code     0  startup_stm32f10x_md.o(.text)
    FLASH_IRQHandler                         0x0800011b   Thumb Code     0  startup_stm32f10x_md.o(.text)
    I2C1_ER_IRQHandler                       0x0800011b   Thumb Code     0  startup_stm32f10x_md.o(.text)
    I2C1_EV_IRQHandler                       0x0800011b   Thumb Code     0  startup_stm32f10x_md.o(.text)
    I2C2_ER_IRQHandler                       0x0800011b   Thumb Code     0  startup_stm32f10x_md.o(.text)
    I2C2_EV_IRQHandler                       0x0800011b   Thumb Code     0  startup_stm32f10x_md.o(.text)
    PVD_IRQHandler                           0x0800011b   Thumb Code     0  startup_stm32f10x_md.o(.text)
    RCC_IRQHandler                           0x0800011b   Thumb Code     0  startup_stm32f10x_md.o(.text)
    RTCAlarm_IRQHandler                      0x0800011b   Thumb Code     0  startup_stm32f10x_md.o(.text)
    SPI1_IRQHandler                          0x0800011b   Thumb Code     0  startup_stm32f10x_md.o(.text)
    SPI2_IRQHandler                          0x0800011b   Thumb Code     0  startup_stm32f10x_md.o(.text)
    TAMPER_IRQHandler                        0x0800011b   Thumb Code     0  startup_stm32f10x_md.o(.text)
    TIM1_BRK_IRQHandler                      0x0800011b   Thumb Code     0  startup_stm32f10x_md.o(.text)
    TIM1_CC_IRQHandler                       0x0800011b   Thumb Code     0  startup_stm32f10x_md.o(.text)
    TIM1_TRG_COM_IRQHandler                  0x0800011b   Thumb Code     0  startup_stm32f10x_md.o(.text)
    TIM1_UP_IRQHandler                       0x0800011b   Thumb Code     0  startup_stm32f10x_md.o(.text)
    TIM2_IRQHandler                          0x0800011b   Thumb Code     0  startup_stm32f10x_md.o(.text)
    TIM4_IRQHandler                          0x0800011b   Thumb Code     0  startup_stm32f10x_md.o(.text)
    USART1_IRQHandler                        0x0800011b   Thumb Code     0  startup_stm32f10x_md.o(.text)
    USART2_IRQHandler                        0x0800011b   Thumb Code     0  startup_stm32f10x_md.o(.text)
    USART3_IRQHandler                        0x0800011b   Thumb Code     0  startup_stm32f10x_md.o(.text)
    USBWakeUp_IRQHandler                     0x0800011b   Thumb Code     0  startup_stm32f10x_md.o(.text)
    USB_HP_CAN1_TX_IRQHandler                0x0800011b   Thumb Code     0  startup_stm32f10x_md.o(.text)
    USB_LP_CAN1_RX0_IRQHandler               0x0800011b   Thumb Code     0  startup_stm32f10x_md.o(.text)
    WWDG_IRQHandler                          0x0800011b   Thumb Code     0  startup_stm32f10x_md.o(.text)
    __aeabi_fadd                             0x08000125   Thumb Code   164  fadd.o(.text)
    __aeabi_fsub                             0x080001c9   Thumb Code     6  fadd.o(.text)
    __aeabi_frsub                            0x080001cf   Thumb Code     6  fadd.o(.text)
    __aeabi_fmul                             0x080001d5   Thumb Code   100  fmul.o(.text)
    __aeabi_fdiv                             0x08000239   Thumb Code   124  fdiv.o(.text)
    __aeabi_dadd                             0x080002b5   Thumb Code   322  dadd.o(.text)
    __aeabi_dsub                             0x080003f7   Thumb Code     6  dadd.o(.text)
    __aeabi_drsub                            0x080003fd   Thumb Code     6  dadd.o(.text)
    __aeabi_dmul                             0x08000403   Thumb Code   228  dmul.o(.text)
    __aeabi_ddiv                             0x080004e7   Thumb Code   222  ddiv.o(.text)
    __aeabi_i2f                              0x080005c5   Thumb Code    18  fflti.o(.text)
    __aeabi_ui2f                             0x080005d7   Thumb Code    10  ffltui.o(.text)
    __aeabi_ui2d                             0x080005e1   Thumb Code    26  dfltui.o(.text)
    __aeabi_f2iz                             0x080005fb   Thumb Code    50  ffixi.o(.text)
    __aeabi_f2uiz                            0x0800062d   Thumb Code    40  ffixui.o(.text)
    __aeabi_f2d                              0x08000655   Thumb Code    38  f2d.o(.text)
    __aeabi_cdrcmple                         0x0800067d   Thumb Code    48  cdrcmple.o(.text)
    __aeabi_d2f                              0x080006ad   Thumb Code    56  d2f.o(.text)
    __aeabi_cfcmpeq                          0x080006e5   Thumb Code     0  cfcmple.o(.text)
    __aeabi_cfcmple                          0x080006e5   Thumb Code    20  cfcmple.o(.text)
    __aeabi_cfrcmple                         0x080006f9   Thumb Code    20  cfrcmple.o(.text)
    __aeabi_uidiv                            0x0800070d   Thumb Code     0  uidiv.o(.text)
    __aeabi_uidivmod                         0x0800070d   Thumb Code    44  uidiv.o(.text)
    __aeabi_llsl                             0x08000739   Thumb Code    30  llshl.o(.text)
    _ll_shift_l                              0x08000739   Thumb Code     0  llshl.o(.text)
    __aeabi_lasr                             0x08000757   Thumb Code    36  llsshr.o(.text)
    _ll_sshift_r                             0x08000757   Thumb Code     0  llsshr.o(.text)
    __I$use$fp                               0x0800077b   Thumb Code     0  iusefp.o(.text)
    _float_round                             0x0800077b   Thumb Code    18  fepilogue.o(.text)
    _float_epilogue                          0x0800078d   Thumb Code    92  fepilogue.o(.text)
    _double_round                            0x080007e9   Thumb Code    30  depilogue.o(.text)
    _double_epilogue                         0x08000807   Thumb Code   156  depilogue.o(.text)
    __ARM_scalbn                             0x080008a3   Thumb Code    46  dscalb.o(.text)
    scalbn                                   0x080008a3   Thumb Code     0  dscalb.o(.text)
    __aeabi_i2d                              0x080008d1   Thumb Code    34  dflti.o(.text)
    __aeabi_cdcmpeq                          0x080008f5   Thumb Code     0  cdcmple.o(.text)
    __aeabi_cdcmple                          0x080008f5   Thumb Code    48  cdcmple.o(.text)
    __scatterload                            0x08000925   Thumb Code    28  init.o(.text)
    __scatterload_rt2                        0x08000925   Thumb Code     0  init.o(.text)
    __aeabi_llsr                             0x08000949   Thumb Code    32  llushr.o(.text)
    _ll_ushift_r                             0x08000949   Thumb Code     0  llushr.o(.text)
    Average_filtering                        0x08000969   Thumb Code   202  boxing.o(i.Average_filtering)
    BKP_DeInit                               0x08000a51   Thumb Code    16  stm32f10x_bkp.o(i.BKP_DeInit)
    BKP_ReadBackupRegister                   0x08000a61   Thumb Code    24  stm32f10x_bkp.o(i.BKP_ReadBackupRegister)
    BKP_WriteBackupRegister                  0x08000a7d   Thumb Code    22  stm32f10x_bkp.o(i.BKP_WriteBackupRegister)
    BeatDetector                             0x08000a99   Thumb Code    28  max30100_beatdetector.o(i.BeatDetector)
    Buff_Read                                0x08000acd   Thumb Code    98  max30100.o(i.Buff_Read)
    BusFault_Handler                         0x08000b2f   Thumb Code     4  stm32f10x_it.o(i.BusFault_Handler)
    DCRemover1                               0x08000b33   Thumb Code     8  max30100_filters.o(i.DCRemover1)
    DebugMon_Handler                         0x08000b3b   Thumb Code     2  stm32f10x_it.o(i.DebugMon_Handler)
    Delay_ms                                 0x08000b3d   Thumb Code    18  delay.o(i.Delay_ms)
    Draw_Diagram                             0x08000b55   Thumb Code   230  boxing.o(i.Draw_Diagram)
    FBstep                                   0x08000c4d   Thumb Code    82  max30100_filters.o(i.FBstep)
    GPIO_Init                                0x08000cb5   Thumb Code   278  stm32f10x_gpio.o(i.GPIO_Init)
    GPIO_PinRemapConfig                      0x08000dcd   Thumb Code   138  stm32f10x_gpio.o(i.GPIO_PinRemapConfig)
    GPIO_ResetBits                           0x08000e5d   Thumb Code     4  stm32f10x_gpio.o(i.GPIO_ResetBits)
    GPIO_SetBits                             0x08000e61   Thumb Code     4  stm32f10x_gpio.o(i.GPIO_SetBits)
    Gui_DrawLine                             0x08000e65   Thumb Code   186  lcd_driver.o(i.Gui_DrawLine)
    Gui_DrawPoint                            0x08000f1f   Thumb Code    32  lcd_driver.o(i.Gui_DrawPoint)
    HardFault_Handler                        0x08000f3f   Thumb Code     4  stm32f10x_it.o(i.HardFault_Handler)
    IIC_Ack                                  0x08000f45   Thumb Code    62  myiic.o(i.IIC_Ack)
    IIC_Delay2                               0x08000f91   Thumb Code    18  myiic.o(i.IIC_Delay2)
    IIC_Init                                 0x08000fa5   Thumb Code    62  myiic.o(i.IIC_Init)
    IIC_NAck                                 0x08000ff1   Thumb Code    62  myiic.o(i.IIC_NAck)
    IIC_Read_Byte                            0x0800103d   Thumb Code    94  myiic.o(i.IIC_Read_Byte)
    IIC_Send_Byte                            0x080010a9   Thumb Code    80  myiic.o(i.IIC_Send_Byte)
    IIC_Start                                0x08001105   Thumb Code    60  myiic.o(i.IIC_Start)
    IIC_Stop                                 0x0800114d   Thumb Code    58  myiic.o(i.IIC_Stop)
    IIC_Wait_Ack                             0x08001195   Thumb Code    86  myiic.o(i.IIC_Wait_Ack)
    Is_Leap_Year                             0x080011f9   Thumb Code    58  rtc.o(i.Is_Leap_Year)
    Key_Config                               0x08001235   Thumb Code    80  key.o(i.Key_Config)
    LCD_GPIO_Init                            0x0800128d   Thumb Code   108  lcd_driver.o(i.LCD_GPIO_Init)
    LCD_WriteData_16Bit                      0x08001301   Thumb Code    38  lcd_driver.o(i.LCD_WriteData_16Bit)
    Lcd_Clear                                0x08001331   Thumb Code    50  lcd_driver.o(i.Lcd_Clear)
    Lcd_Init                                 0x08001365   Thumb Code   560  lcd_driver.o(i.Lcd_Init)
    Lcd_Reset                                0x08001599   Thumb Code    30  lcd_driver.o(i.Lcd_Reset)
    Lcd_SetRegion                            0x080015bd   Thumb Code    86  lcd_driver.o(i.Lcd_SetRegion)
    Lcd_SetXY                                0x08001613   Thumb Code    20  lcd_driver.o(i.Lcd_SetXY)
    Lcd_WriteData                            0x08001629   Thumb Code    32  lcd_driver.o(i.Lcd_WriteData)
    Lcd_WriteIndex                           0x08001651   Thumb Code    32  lcd_driver.o(i.Lcd_WriteIndex)
    Led1_Toggle                              0x08001679   Thumb Code    64  led.o(i.Led1_Toggle)
    Led_Config                               0x080016c1   Thumb Code    38  led.o(i.Led_Config)
    Led_OFF                                  0x080016ed   Thumb Code    16  led.o(i.Led_OFF)
    Led_ON                                   0x080016fd   Thumb Code    16  led.o(i.Led_ON)
    MemManage_Handler                        0x0800170d   Thumb Code     4  stm32f10x_it.o(i.MemManage_Handler)
    NMI_Handler                              0x08001711   Thumb Code     2  stm32f10x_it.o(i.NMI_Handler)
    NVIC_Init                                0x08001715   Thumb Code   100  misc.o(i.NVIC_Init)
    POupdate                                 0x08001785   Thumb Code     8  max30100_pulseoximeter.o(i.POupdate)
    PWR_BackupAccessCmd                      0x0800178d   Thumb Code     6  stm32f10x_pwr.o(i.PWR_BackupAccessCmd)
    PendSV_Handler                           0x08001799   Thumb Code     2  stm32f10x_it.o(i.PendSV_Handler)
    PulseOximeter                            0x0800179d   Thumb Code    40  max30100_pulseoximeter.o(i.PulseOximeter)
    RCC_APB1PeriphClockCmd                   0x080017e5   Thumb Code    26  stm32f10x_rcc.o(i.RCC_APB1PeriphClockCmd)
    RCC_APB2PeriphClockCmd                   0x08001805   Thumb Code    26  stm32f10x_rcc.o(i.RCC_APB2PeriphClockCmd)
    RCC_BackupResetCmd                       0x08001825   Thumb Code     6  stm32f10x_rcc.o(i.RCC_BackupResetCmd)
    RCC_GetClocksFreq                        0x08001831   Thumb Code   192  stm32f10x_rcc.o(i.RCC_GetClocksFreq)
    RCC_GetFlagStatus                        0x08001905   Thumb Code    56  stm32f10x_rcc.o(i.RCC_GetFlagStatus)
    RCC_LSICmd                               0x08001941   Thumb Code     6  stm32f10x_rcc.o(i.RCC_LSICmd)
    RCC_RTCCLKCmd                            0x0800194d   Thumb Code     6  stm32f10x_rcc.o(i.RCC_RTCCLKCmd)
    RCC_RTCCLKConfig                         0x08001959   Thumb Code    12  stm32f10x_rcc.o(i.RCC_RTCCLKConfig)
    RTC_ClearITPendingBit                    0x08001969   Thumb Code    12  stm32f10x_rtc.o(i.RTC_ClearITPendingBit)
    RTC_EnterConfigMode                      0x08001979   Thumb Code    14  stm32f10x_rtc.o(i.RTC_EnterConfigMode)
    RTC_ExitConfigMode                       0x0800198d   Thumb Code    16  stm32f10x_rtc.o(i.RTC_ExitConfigMode)
    RTC_Get                                  0x080019a1   Thumb Code   240  rtc.o(i.RTC_Get)
    RTC_GetCounter                           0x08001aa1   Thumb Code    16  stm32f10x_rtc.o(i.RTC_GetCounter)
    RTC_GetITStatus                          0x08001ab5   Thumb Code    32  stm32f10x_rtc.o(i.RTC_GetITStatus)
    RTC_Get_Week                             0x08001ad9   Thumb Code   116  rtc.o(i.RTC_Get_Week)
    RTC_IRQHandler                           0x08001b51   Thumb Code    44  rtc.o(i.RTC_IRQHandler)
    RTC_ITConfig                             0x08001b7d   Thumb Code    26  stm32f10x_rtc.o(i.RTC_ITConfig)
    RTC_Init                                 0x08001b9d   Thumb Code   190  rtc.o(i.RTC_Init)
    RTC_Set                                  0x08001c7d   Thumb Code   184  rtc.o(i.RTC_Set)
    RTC_SetCounter                           0x08001d45   Thumb Code    24  stm32f10x_rtc.o(i.RTC_SetCounter)
    RTC_SetPrescaler                         0x08001d61   Thumb Code    26  stm32f10x_rtc.o(i.RTC_SetPrescaler)
    RTC_WaitForLastTask                      0x08001d81   Thumb Code    16  stm32f10x_rtc.o(i.RTC_WaitForLastTask)
    RTC_WaitForSynchro                       0x08001d95   Thumb Code    30  stm32f10x_rtc.o(i.RTC_WaitForSynchro)
    Read_One_Byte                            0x08001db9   Thumb Code    78  max30100.o(i.Read_One_Byte)
    SPI_WriteData                            0x08001e09   Thumb Code    54  lcd_driver.o(i.SPI_WriteData)
    SPO2_Init                                0x08001e45   Thumb Code   116  max30100_pulseoximeter.o(i.SPO2_Init)
    SPO2update                               0x08001ec9   Thumb Code   266  max30100_spo2calculator.o(i.SPO2update)
    SVC_Handler                              0x08001ff9   Thumb Code     2  stm32f10x_it.o(i.SVC_Handler)
    SysTick_Handler                          0x080020e5   Thumb Code    32  delay.o(i.SysTick_Handler)
    SysTick_Init                             0x08002111   Thumb Code    74  delay.o(i.SysTick_Init)
    SystemInit                               0x08002165   Thumb Code    78  system_stm32f10x.o(i.SystemInit)
    TIM3_IRQHandler                          0x080021c5   Thumb Code    28  tim3.o(i.TIM3_IRQHandler)
    TIM_ARRPreloadConfig                     0x080021e5   Thumb Code    24  stm32f10x_tim.o(i.TIM_ARRPreloadConfig)
    TIM_ClearFlag                            0x080021fd   Thumb Code     6  stm32f10x_tim.o(i.TIM_ClearFlag)
    TIM_Cmd                                  0x08002203   Thumb Code    24  stm32f10x_tim.o(i.TIM_Cmd)
    TIM_GetFlagStatus                        0x0800221b   Thumb Code    18  stm32f10x_tim.o(i.TIM_GetFlagStatus)
    TIM_ITConfig                             0x0800222d   Thumb Code    18  stm32f10x_tim.o(i.TIM_ITConfig)
    TIM_TimeBaseInit                         0x08002241   Thumb Code   122  stm32f10x_tim.o(i.TIM_TimeBaseInit)
    Time3_Init                               0x080022e5   Thumb Code   138  tim3.o(i.Time3_Init)
    USART1_Config                            0x0800237d   Thumb Code   116  usart1.o(i.USART1_Config)
    USART_Cmd                                0x080023f9   Thumb Code    24  stm32f10x_usart.o(i.USART_Cmd)
    USART_GetFlagStatus                      0x08002411   Thumb Code    26  stm32f10x_usart.o(i.USART_GetFlagStatus)
    USART_Init                               0x0800242d   Thumb Code   210  stm32f10x_usart.o(i.USART_Init)
    USART_SendData                           0x08002505   Thumb Code     8  stm32f10x_usart.o(i.USART_SendData)
    UsageFault_Handler                       0x0800250d   Thumb Code     4  stm32f10x_it.o(i.UsageFault_Handler)
    Usart_SendByte                           0x08002511   Thumb Code    28  usart1.o(i.Usart_SendByte)
    Write_One_Byte                           0x08002531   Thumb Code    68  max30100.o(i.Write_One_Byte)
    __0printf$1                              0x08002575   Thumb Code    22  printf1.o(i.__0printf$1)
    __1printf$1                              0x08002575   Thumb Code     0  printf1.o(i.__0printf$1)
    __2printf                                0x08002575   Thumb Code     0  printf1.o(i.__0printf$1)
    __kernel_poly                            0x08002595   Thumb Code   170  poly.o(i.__kernel_poly)
    __mathlib_dbl_divzero                    0x08002641   Thumb Code    12  dunder.o(i.__mathlib_dbl_divzero)
    __mathlib_dbl_infnan                     0x08002651   Thumb Code     6  dunder.o(i.__mathlib_dbl_infnan)
    __mathlib_dbl_invalid                    0x08002657   Thumb Code    12  dunder.o(i.__mathlib_dbl_invalid)
    __scatterload_copy                       0x08002663   Thumb Code    14  handlers.o(i.__scatterload_copy)
    __scatterload_null                       0x08002671   Thumb Code     2  handlers.o(i.__scatterload_null)
    __scatterload_zeroinit                   0x08002673   Thumb Code    14  handlers.o(i.__scatterload_zeroinit)
    __set_errno                              0x08002681   Thumb Code     6  errno.o(i.__set_errno)
    addSample                                0x080027e1   Thumb Code    12  max30100_beatdetector.o(i.addSample)
    begin                                    0x080027ed   Thumb Code    40  max30100_pulseoximeter.o(i.begin)
    checkForBeat                             0x08002829   Thumb Code   348  max30100_beatdetector.o(i.checkForBeat)
    checkSample                              0x080029a9   Thumb Code   202  max30100_pulseoximeter.o(i.checkSample)
    decreaseThreshold                        0x08002a9d   Thumb Code   164  max30100_beatdetector.o(i.decreaseThreshold)
    fputc                                    0x08002b61   Thumb Code    16  usart1.o(i.fputc)
    getRate                                  0x08002b71   Thumb Code    48  max30100_beatdetector.o(i.getRate)
    getSpO2                                  0x08002bad   Thumb Code     6  max30100_spo2calculator.o(i.getSpO2)
    log                                      0x08002bb9   Thumb Code   808  log.o(i.log)
    main                                     0x08002f15   Thumb Code   206  main.o(i.main)
    millis                                   0x0800302d   Thumb Code     6  max30100_beatdetector.o(i.millis)
    min                                      0x08003039   Thumb Code    14  max30100_beatdetector.o(i.min)
    onBeatDetected1                          0x08003047   Thumb Code     2  max30100_pulseoximeter.o(i.onBeatDetected1)
    readFifoData                             0x08003049   Thumb Code    46  max30100.o(i.readFifoData)
    reset                                    0x08003081   Thumb Code    24  max30100_spo2calculator.o(i.reset)
    setHighresModeEnabled                    0x080030ad   Thumb Code    38  max30100.o(i.setHighresModeEnabled)
    setLedsCurrent                           0x080030d3   Thumb Code    20  max30100.o(i.setLedsCurrent)
    setLedsPulseWidth                        0x080030e7   Thumb Code    28  max30100.o(i.setLedsPulseWidth)
    setMode                                  0x08003103   Thumb Code    14  max30100.o(i.setMode)
    setOnBeatDetectedCallback                0x08003111   Thumb Code     8  max30100_pulseoximeter.o(i.setOnBeatDetectedCallback)
    setSamplingRate                          0x0800311d   Thumb Code    30  max30100.o(i.setSamplingRate)
    step                                     0x0800313b   Thumb Code    42  max30100_filters.o(i.step)
    update                                   0x08003165   Thumb Code     8  max30100.o(i.update)
    table_week                               0x0800316c   Data          12  rtc.o(.constdata)
    mon_table                                0x08003178   Data          12  rtc.o(.constdata)
    __mathlib_zero                           0x080031c0   Data           8  qnan.o(.constdata)
    Region$$Table$$Base                      0x080031c8   Number         0  anon$$obj.o(Region$$Table)
    Region$$Table$$Limit                     0x080031e8   Number         0  anon$$obj.o(Region$$Table)
    RunTime                                  0x20000000   Data           4  delay.o(.data)
    LedRun                                   0x20000004   Data           8  delay.o(.data)
    MAXRun                                   0x2000000c   Data           8  delay.o(.data)
    Average_Val                              0x2000002c   Data           4  boxing.o(.data)
    Sum_Count                                0x20000030   Data           1  boxing.o(.data)
    Deffience_Val                            0x20000031   Data           1  boxing.o(.data)
    Rate_Diagram                             0x20000032   Data          10  boxing.o(.data)
    rawIRValue                               0x20000042   Data           2  max30100.o(.data)
    rawRedValue                              0x20000044   Data           2  max30100.o(.data)
    PartID                                   0x20000046   Data           1  max30100.o(.data)
    Beatstate                                0x20000048   Data           1  max30100_beatdetector.o(.data)
    threshold                                0x2000004c   Data           4  max30100_beatdetector.o(.data)
    beatPeriod                               0x20000050   Data           4  max30100_beatdetector.o(.data)
    lastMaxValue                             0x20000054   Data           4  max30100_beatdetector.o(.data)
    tsLastBeat                               0x20000058   Data           4  max30100_beatdetector.o(.data)
    v                                        0x2000005c   Data           8  max30100_filters.o(.data)
    onBeatDetected                           0x20000064   Data           4  max30100_pulseoximeter.o(.data)
    HeartRate                                0x20000068   Data           2  max30100_pulseoximeter.o(.data)
    SPO2                                     0x2000006a   Data           1  max30100_pulseoximeter.o(.data)
    state                                    0x2000006b   Data           1  max30100_pulseoximeter.o(.data)
    debuggingMode                            0x2000006c   Data           1  max30100_pulseoximeter.o(.data)
    tsFirstBeatDetected                      0x20000070   Data           4  max30100_pulseoximeter.o(.data)
    tsLastBeatDetected                       0x20000074   Data           4  max30100_pulseoximeter.o(.data)
    tsLastSample                             0x20000078   Data           4  max30100_pulseoximeter.o(.data)
    tsLastBiasCheck                          0x2000007c   Data           4  max30100_pulseoximeter.o(.data)
    tsLastCurrentAdjustment                  0x20000080   Data           4  max30100_pulseoximeter.o(.data)
    redLedPower                              0x20000084   Data           1  max30100_pulseoximeter.o(.data)
    irDCRemover                              0x20000088   Data           8  max30100_pulseoximeter.o(.data)
    redDCRemover                             0x20000090   Data           8  max30100_pulseoximeter.o(.data)
    ID                                       0x20000098   Data           1  max30100_pulseoximeter.o(.data)
    TempINT                                  0x20000099   Data           1  max30100_pulseoximeter.o(.data)
    TempFRAC                                 0x2000009a   Data           1  max30100_pulseoximeter.o(.data)
    spO2LUT                                  0x2000009c   Data          43  max30100_spo2calculator.o(.data)
    irACValueSqSum                           0x200000c8   Data           4  max30100_spo2calculator.o(.data)
    redACValueSqSum                          0x200000cc   Data           4  max30100_spo2calculator.o(.data)
    beatsDetectedNum                         0x200000d0   Data           1  max30100_spo2calculator.o(.data)
    samplesRecorded                          0x200000d4   Data           4  max30100_spo2calculator.o(.data)
    spO2                                     0x200000d8   Data           1  max30100_spo2calculator.o(.data)
    __stdout                                 0x200000dc   Data           4  stdout.o(.data)
    calendar                                 0x200000e4   Data          10  rtc.o(.bss)
    Sum                                      0x200000f0   Data          40  boxing.o(.bss)
    __initial_sp                             0x20000518   Data           0  startup_stm32f10x_md.o(STACK)



==============================================================================

Memory Map of the image

  Image Entry point : 0x080000ed

  Load Region LR_IROM1 (Base: 0x08000000, Size: 0x000032cc, Max: 0x00010000, ABSOLUTE)

    Execution Region ER_IROM1 (Exec base: 0x08000000, Load base: 0x08000000, Size: 0x000031e8, Max: 0x00010000, ABSOLUTE)

    Exec Addr    Load Addr    Size         Type   Attr      Idx    E Section Name        Object

    0x08000000   0x08000000   0x000000ec   Data   RO            3    RESET               startup_stm32f10x_md.o
    0x080000ec   0x080000ec   0x00000000   Code   RO         4447  * .ARM.Collect$$$$00000000  mc_w.l(entry.o)
    0x080000ec   0x080000ec   0x00000004   Code   RO         4760    .ARM.Collect$$$$00000001  mc_w.l(entry2.o)
    0x080000f0   0x080000f0   0x00000004   Code   RO         4763    .ARM.Collect$$$$00000004  mc_w.l(entry5.o)
    0x080000f4   0x080000f4   0x00000000   Code   RO         4765    .ARM.Collect$$$$00000008  mc_w.l(entry7b.o)
    0x080000f4   0x080000f4   0x00000000   Code   RO         4767    .ARM.Collect$$$$0000000A  mc_w.l(entry8b.o)
    0x080000f4   0x080000f4   0x00000008   Code   RO         4768    .ARM.Collect$$$$0000000B  mc_w.l(entry9a.o)
    0x080000fc   0x080000fc   0x00000000   Code   RO         4770    .ARM.Collect$$$$0000000D  mc_w.l(entry10a.o)
    0x080000fc   0x080000fc   0x00000000   Code   RO         4772    .ARM.Collect$$$$0000000F  mc_w.l(entry11a.o)
    0x080000fc   0x080000fc   0x00000004   Code   RO         4761    .ARM.Collect$$$$00002712  mc_w.l(entry2.o)
    0x08000100   0x08000100   0x00000024   Code   RO            4    .text               startup_stm32f10x_md.o
    0x08000124   0x08000124   0x000000b0   Code   RO         4711    .text               mf_w.l(fadd.o)
    0x080001d4   0x080001d4   0x00000064   Code   RO         4713    .text               mf_w.l(fmul.o)
    0x08000238   0x08000238   0x0000007c   Code   RO         4715    .text               mf_w.l(fdiv.o)
    0x080002b4   0x080002b4   0x0000014e   Code   RO         4717    .text               mf_w.l(dadd.o)
    0x08000402   0x08000402   0x000000e4   Code   RO         4719    .text               mf_w.l(dmul.o)
    0x080004e6   0x080004e6   0x000000de   Code   RO         4721    .text               mf_w.l(ddiv.o)
    0x080005c4   0x080005c4   0x00000012   Code   RO         4723    .text               mf_w.l(fflti.o)
    0x080005d6   0x080005d6   0x0000000a   Code   RO         4725    .text               mf_w.l(ffltui.o)
    0x080005e0   0x080005e0   0x0000001a   Code   RO         4727    .text               mf_w.l(dfltui.o)
    0x080005fa   0x080005fa   0x00000032   Code   RO         4729    .text               mf_w.l(ffixi.o)
    0x0800062c   0x0800062c   0x00000028   Code   RO         4731    .text               mf_w.l(ffixui.o)
    0x08000654   0x08000654   0x00000026   Code   RO         4733    .text               mf_w.l(f2d.o)
    0x0800067a   0x0800067a   0x00000002   PAD
    0x0800067c   0x0800067c   0x00000030   Code   RO         4735    .text               mf_w.l(cdrcmple.o)
    0x080006ac   0x080006ac   0x00000038   Code   RO         4737    .text               mf_w.l(d2f.o)
    0x080006e4   0x080006e4   0x00000014   Code   RO         4739    .text               mf_w.l(cfcmple.o)
    0x080006f8   0x080006f8   0x00000014   Code   RO         4741    .text               mf_w.l(cfrcmple.o)
    0x0800070c   0x0800070c   0x0000002c   Code   RO         4775    .text               mc_w.l(uidiv.o)
    0x08000738   0x08000738   0x0000001e   Code   RO         4779    .text               mc_w.l(llshl.o)
    0x08000756   0x08000756   0x00000024   Code   RO         4781    .text               mc_w.l(llsshr.o)
    0x0800077a   0x0800077a   0x00000000   Code   RO         4790    .text               mc_w.l(iusefp.o)
    0x0800077a   0x0800077a   0x0000006e   Code   RO         4791    .text               mf_w.l(fepilogue.o)
    0x080007e8   0x080007e8   0x000000ba   Code   RO         4793    .text               mf_w.l(depilogue.o)
    0x080008a2   0x080008a2   0x0000002e   Code   RO         4795    .text               mf_w.l(dscalb.o)
    0x080008d0   0x080008d0   0x00000022   Code   RO         4797    .text               mf_w.l(dflti.o)
    0x080008f2   0x080008f2   0x00000002   PAD
    0x080008f4   0x080008f4   0x00000030   Code   RO         4801    .text               mf_w.l(cdcmple.o)
    0x08000924   0x08000924   0x00000024   Code   RO         4803    .text               mc_w.l(init.o)
    0x08000948   0x08000948   0x00000020   Code   RO         4805    .text               mc_w.l(llushr.o)
    0x08000968   0x08000968   0x000000e8   Code   RO         3938    i.Average_filtering  boxing.o
    0x08000a50   0x08000a50   0x00000010   Code   RO          979    i.BKP_DeInit        stm32f10x_bkp.o
    0x08000a60   0x08000a60   0x0000001c   Code   RO          984    i.BKP_ReadBackupRegister  stm32f10x_bkp.o
    0x08000a7c   0x08000a7c   0x0000001c   Code   RO          988    i.BKP_WriteBackupRegister  stm32f10x_bkp.o
    0x08000a98   0x08000a98   0x00000034   Code   RO         4059    i.BeatDetector      max30100_beatdetector.o
    0x08000acc   0x08000acc   0x00000062   Code   RO         3972    i.Buff_Read         max30100.o
    0x08000b2e   0x08000b2e   0x00000004   Code   RO          192    i.BusFault_Handler  stm32f10x_it.o
    0x08000b32   0x08000b32   0x00000008   Code   RO         4128    i.DCRemover1        max30100_filters.o
    0x08000b3a   0x08000b3a   0x00000002   Code   RO          193    i.DebugMon_Handler  stm32f10x_it.o
    0x08000b3c   0x08000b3c   0x00000018   Code   RO          311    i.Delay_ms          delay.o
    0x08000b54   0x08000b54   0x000000f8   Code   RO         3939    i.Draw_Diagram      boxing.o
    0x08000c4c   0x08000c4c   0x00000068   Code   RO         4130    i.FBstep            max30100_filters.o
    0x08000cb4   0x08000cb4   0x00000116   Code   RO         1990    i.GPIO_Init         stm32f10x_gpio.o
    0x08000dca   0x08000dca   0x00000002   PAD
    0x08000dcc   0x08000dcc   0x00000090   Code   RO         1992    i.GPIO_PinRemapConfig  stm32f10x_gpio.o
    0x08000e5c   0x08000e5c   0x00000004   Code   RO         1997    i.GPIO_ResetBits    stm32f10x_gpio.o
    0x08000e60   0x08000e60   0x00000004   Code   RO         1998    i.GPIO_SetBits      stm32f10x_gpio.o
    0x08000e64   0x08000e64   0x000000ba   Code   RO          566    i.Gui_DrawLine      lcd_driver.o
    0x08000f1e   0x08000f1e   0x00000020   Code   RO          567    i.Gui_DrawPoint     lcd_driver.o
    0x08000f3e   0x08000f3e   0x00000004   Code   RO          194    i.HardFault_Handler  stm32f10x_it.o
    0x08000f42   0x08000f42   0x00000002   PAD
    0x08000f44   0x08000f44   0x0000004c   Code   RO         4328    i.IIC_Ack           myiic.o
    0x08000f90   0x08000f90   0x00000012   Code   RO         4330    i.IIC_Delay2        myiic.o
    0x08000fa2   0x08000fa2   0x00000002   PAD
    0x08000fa4   0x08000fa4   0x0000004c   Code   RO         4331    i.IIC_Init          myiic.o
    0x08000ff0   0x08000ff0   0x0000004c   Code   RO         4332    i.IIC_NAck          myiic.o
    0x0800103c   0x0800103c   0x0000006c   Code   RO         4333    i.IIC_Read_Byte     myiic.o
    0x080010a8   0x080010a8   0x0000005c   Code   RO         4334    i.IIC_Send_Byte     myiic.o
    0x08001104   0x08001104   0x00000048   Code   RO         4335    i.IIC_Start         myiic.o
    0x0800114c   0x0800114c   0x00000048   Code   RO         4336    i.IIC_Stop          myiic.o
    0x08001194   0x08001194   0x00000064   Code   RO         4337    i.IIC_Wait_Ack      myiic.o
    0x080011f8   0x080011f8   0x0000003a   Code   RO          486    i.Is_Leap_Year      rtc.o
    0x08001232   0x08001232   0x00000002   PAD
    0x08001234   0x08001234   0x00000058   Code   RO          407    i.Key_Config        key.o
    0x0800128c   0x0800128c   0x00000074   Code   RO          568    i.LCD_GPIO_Init     lcd_driver.o
    0x08001300   0x08001300   0x00000030   Code   RO          569    i.LCD_WriteData_16Bit  lcd_driver.o
    0x08001330   0x08001330   0x00000032   Code   RO          570    i.Lcd_Clear         lcd_driver.o
    0x08001362   0x08001362   0x00000002   PAD
    0x08001364   0x08001364   0x00000234   Code   RO          572    i.Lcd_Init          lcd_driver.o
    0x08001598   0x08001598   0x00000024   Code   RO          573    i.Lcd_Reset         lcd_driver.o
    0x080015bc   0x080015bc   0x00000056   Code   RO          574    i.Lcd_SetRegion     lcd_driver.o
    0x08001612   0x08001612   0x00000014   Code   RO          575    i.Lcd_SetXY         lcd_driver.o
    0x08001626   0x08001626   0x00000002   PAD
    0x08001628   0x08001628   0x00000028   Code   RO          577    i.Lcd_WriteData     lcd_driver.o
    0x08001650   0x08001650   0x00000028   Code   RO          578    i.Lcd_WriteIndex    lcd_driver.o
    0x08001678   0x08001678   0x00000048   Code   RO          363    i.Led1_Toggle       led.o
    0x080016c0   0x080016c0   0x0000002c   Code   RO          364    i.Led_Config        led.o
    0x080016ec   0x080016ec   0x00000010   Code   RO          365    i.Led_OFF           led.o
    0x080016fc   0x080016fc   0x00000010   Code   RO          366    i.Led_ON            led.o
    0x0800170c   0x0800170c   0x00000004   Code   RO          195    i.MemManage_Handler  stm32f10x_it.o
    0x08001710   0x08001710   0x00000002   Code   RO          196    i.NMI_Handler       stm32f10x_it.o
    0x08001712   0x08001712   0x00000002   PAD
    0x08001714   0x08001714   0x00000070   Code   RO          695    i.NVIC_Init         misc.o
    0x08001784   0x08001784   0x00000008   Code   RO         4180    i.POupdate          max30100_pulseoximeter.o
    0x0800178c   0x0800178c   0x0000000c   Code   RO         2380    i.PWR_BackupAccessCmd  stm32f10x_pwr.o
    0x08001798   0x08001798   0x00000002   Code   RO          197    i.PendSV_Handler    stm32f10x_it.o
    0x0800179a   0x0800179a   0x00000002   PAD
    0x0800179c   0x0800179c   0x00000048   Code   RO         4181    i.PulseOximeter     max30100_pulseoximeter.o
    0x080017e4   0x080017e4   0x00000020   Code   RO         2454    i.RCC_APB1PeriphClockCmd  stm32f10x_rcc.o
    0x08001804   0x08001804   0x00000020   Code   RO         2456    i.RCC_APB2PeriphClockCmd  stm32f10x_rcc.o
    0x08001824   0x08001824   0x0000000c   Code   RO         2459    i.RCC_BackupResetCmd  stm32f10x_rcc.o
    0x08001830   0x08001830   0x000000d4   Code   RO         2464    i.RCC_GetClocksFreq  stm32f10x_rcc.o
    0x08001904   0x08001904   0x0000003c   Code   RO         2465    i.RCC_GetFlagStatus  stm32f10x_rcc.o
    0x08001940   0x08001940   0x0000000c   Code   RO         2473    i.RCC_LSICmd        stm32f10x_rcc.o
    0x0800194c   0x0800194c   0x0000000c   Code   RO         2479    i.RCC_RTCCLKCmd     stm32f10x_rcc.o
    0x08001958   0x08001958   0x00000010   Code   RO         2480    i.RCC_RTCCLKConfig  stm32f10x_rcc.o
    0x08001968   0x08001968   0x00000010   Code   RO         2665    i.RTC_ClearITPendingBit  stm32f10x_rtc.o
    0x08001978   0x08001978   0x00000014   Code   RO         2666    i.RTC_EnterConfigMode  stm32f10x_rtc.o
    0x0800198c   0x0800198c   0x00000014   Code   RO         2667    i.RTC_ExitConfigMode  stm32f10x_rtc.o
    0x080019a0   0x080019a0   0x00000100   Code   RO          488    i.RTC_Get           rtc.o
    0x08001aa0   0x08001aa0   0x00000014   Code   RO         2668    i.RTC_GetCounter    stm32f10x_rtc.o
    0x08001ab4   0x08001ab4   0x00000024   Code   RO         2671    i.RTC_GetITStatus   stm32f10x_rtc.o
    0x08001ad8   0x08001ad8   0x00000078   Code   RO          489    i.RTC_Get_Week      rtc.o
    0x08001b50   0x08001b50   0x0000002c   Code   RO          490    i.RTC_IRQHandler    rtc.o
    0x08001b7c   0x08001b7c   0x00000020   Code   RO         2672    i.RTC_ITConfig      stm32f10x_rtc.o
    0x08001b9c   0x08001b9c   0x000000be   Code   RO          491    i.RTC_Init          rtc.o
    0x08001c5a   0x08001c5a   0x00000020   Code   RO          492    i.RTC_NVIC_Config   rtc.o
    0x08001c7a   0x08001c7a   0x00000002   PAD
    0x08001c7c   0x08001c7c   0x000000c8   Code   RO          493    i.RTC_Set           rtc.o
    0x08001d44   0x08001d44   0x0000001c   Code   RO         2674    i.RTC_SetCounter    stm32f10x_rtc.o
    0x08001d60   0x08001d60   0x00000020   Code   RO         2675    i.RTC_SetPrescaler  stm32f10x_rtc.o
    0x08001d80   0x08001d80   0x00000014   Code   RO         2676    i.RTC_WaitForLastTask  stm32f10x_rtc.o
    0x08001d94   0x08001d94   0x00000024   Code   RO         2677    i.RTC_WaitForSynchro  stm32f10x_rtc.o
    0x08001db8   0x08001db8   0x0000004e   Code   RO         3973    i.Read_One_Byte     max30100.o
    0x08001e06   0x08001e06   0x00000002   PAD
    0x08001e08   0x08001e08   0x0000003c   Code   RO          580    i.SPI_WriteData     lcd_driver.o
    0x08001e44   0x08001e44   0x00000084   Code   RO         4182    i.SPO2_Init         max30100_pulseoximeter.o
    0x08001ec8   0x08001ec8   0x00000130   Code   RO         4276    i.SPO2update        max30100_spo2calculator.o
    0x08001ff8   0x08001ff8   0x00000002   Code   RO          198    i.SVC_Handler       stm32f10x_it.o
    0x08001ffa   0x08001ffa   0x00000008   Code   RO          265    i.SetSysClock       system_stm32f10x.o
    0x08002002   0x08002002   0x00000002   PAD
    0x08002004   0x08002004   0x000000e0   Code   RO          266    i.SetSysClockTo72   system_stm32f10x.o
    0x080020e4   0x080020e4   0x0000002c   Code   RO          313    i.SysTick_Handler   delay.o
    0x08002110   0x08002110   0x00000054   Code   RO          314    i.SysTick_Init      delay.o
    0x08002164   0x08002164   0x00000060   Code   RO          268    i.SystemInit        system_stm32f10x.o
    0x080021c4   0x080021c4   0x00000020   Code   RO         4406    i.TIM3_IRQHandler   tim3.o
    0x080021e4   0x080021e4   0x00000018   Code   RO         3124    i.TIM_ARRPreloadConfig  stm32f10x_tim.o
    0x080021fc   0x080021fc   0x00000006   Code   RO         3130    i.TIM_ClearFlag     stm32f10x_tim.o
    0x08002202   0x08002202   0x00000018   Code   RO         3136    i.TIM_Cmd           stm32f10x_tim.o
    0x0800221a   0x0800221a   0x00000012   Code   RO         3156    i.TIM_GetFlagStatus  stm32f10x_tim.o
    0x0800222c   0x0800222c   0x00000012   Code   RO         3161    i.TIM_ITConfig      stm32f10x_tim.o
    0x0800223e   0x0800223e   0x00000002   PAD
    0x08002240   0x08002240   0x000000a4   Code   RO         3207    i.TIM_TimeBaseInit  stm32f10x_tim.o
    0x080022e4   0x080022e4   0x00000098   Code   RO         4407    i.Time3_Init        tim3.o
    0x0800237c   0x0800237c   0x0000007c   Code   RO          440    i.USART1_Config     usart1.o
    0x080023f8   0x080023f8   0x00000018   Code   RO         3684    i.USART_Cmd         stm32f10x_usart.o
    0x08002410   0x08002410   0x0000001a   Code   RO         3687    i.USART_GetFlagStatus  stm32f10x_usart.o
    0x0800242a   0x0800242a   0x00000002   PAD
    0x0800242c   0x0800242c   0x000000d8   Code   RO         3691    i.USART_Init        stm32f10x_usart.o
    0x08002504   0x08002504   0x00000008   Code   RO         3701    i.USART_SendData    stm32f10x_usart.o
    0x0800250c   0x0800250c   0x00000004   Code   RO          199    i.UsageFault_Handler  stm32f10x_it.o
    0x08002510   0x08002510   0x00000020   Code   RO          442    i.Usart_SendByte    usart1.o
    0x08002530   0x08002530   0x00000044   Code   RO         3974    i.Write_One_Byte    max30100.o
    0x08002574   0x08002574   0x00000020   Code   RO         4495    i.__0printf$1       mc_w.l(printf1.o)
    0x08002594   0x08002594   0x000000aa   Code   RO         4757    i.__kernel_poly     m_ws.l(poly.o)
    0x0800263e   0x0800263e   0x00000002   PAD
    0x08002640   0x08002640   0x00000010   Code   RO         4743    i.__mathlib_dbl_divzero  m_ws.l(dunder.o)
    0x08002650   0x08002650   0x00000006   Code   RO         4744    i.__mathlib_dbl_infnan  m_ws.l(dunder.o)
    0x08002656   0x08002656   0x0000000c   Code   RO         4746    i.__mathlib_dbl_invalid  m_ws.l(dunder.o)
    0x08002662   0x08002662   0x0000000e   Code   RO         4809    i.__scatterload_copy  mc_w.l(handlers.o)
    0x08002670   0x08002670   0x00000002   Code   RO         4810    i.__scatterload_null  mc_w.l(handlers.o)
    0x08002672   0x08002672   0x0000000e   Code   RO         4811    i.__scatterload_zeroinit  mc_w.l(handlers.o)
    0x08002680   0x08002680   0x0000000c   Code   RO         4785    i.__set_errno       mc_w.l(errno.o)
    0x0800268c   0x0800268c   0x00000154   Code   RO         4502    i._printf_core      mc_w.l(printf1.o)
    0x080027e0   0x080027e0   0x0000000c   Code   RO         4060    i.addSample         max30100_beatdetector.o
    0x080027ec   0x080027ec   0x0000003c   Code   RO         4183    i.begin             max30100_pulseoximeter.o
    0x08002828   0x08002828   0x00000180   Code   RO         4061    i.checkForBeat      max30100_beatdetector.o
    0x080029a8   0x080029a8   0x000000f4   Code   RO         4185    i.checkSample       max30100_pulseoximeter.o
    0x08002a9c   0x08002a9c   0x000000c4   Code   RO         4062    i.decreaseThreshold  max30100_beatdetector.o
    0x08002b60   0x08002b60   0x00000010   Code   RO          443    i.fputc             usart1.o
    0x08002b70   0x08002b70   0x0000003c   Code   RO         4064    i.getRate           max30100_beatdetector.o
    0x08002bac   0x08002bac   0x0000000c   Code   RO         4278    i.getSpO2           max30100_spo2calculator.o
    0x08002bb8   0x08002bb8   0x0000035c   Code   RO         4438    i.log               m_ws.l(log.o)
    0x08002f14   0x08002f14   0x00000118   Code   RO           13    i.main              main.o
    0x0800302c   0x0800302c   0x0000000c   Code   RO         4065    i.millis            max30100_beatdetector.o
    0x08003038   0x08003038   0x0000000e   Code   RO         4066    i.min               max30100_beatdetector.o
    0x08003046   0x08003046   0x00000002   Code   RO         4188    i.onBeatDetected1   max30100_pulseoximeter.o
    0x08003048   0x08003048   0x00000038   Code   RO         3975    i.readFifoData      max30100.o
    0x08003080   0x08003080   0x0000002c   Code   RO         4279    i.reset             max30100_spo2calculator.o
    0x080030ac   0x080030ac   0x00000026   Code   RO         3976    i.setHighresModeEnabled  max30100.o
    0x080030d2   0x080030d2   0x00000014   Code   RO         3977    i.setLedsCurrent    max30100.o
    0x080030e6   0x080030e6   0x0000001c   Code   RO         3978    i.setLedsPulseWidth  max30100.o
    0x08003102   0x08003102   0x0000000e   Code   RO         3979    i.setMode           max30100.o
    0x08003110   0x08003110   0x0000000c   Code   RO         4189    i.setOnBeatDetectedCallback  max30100_pulseoximeter.o
    0x0800311c   0x0800311c   0x0000001e   Code   RO         3980    i.setSamplingRate   max30100.o
    0x0800313a   0x0800313a   0x0000002a   Code   RO         4133    i.step              max30100_filters.o
    0x08003164   0x08003164   0x00000008   Code   RO         3981    i.update            max30100.o
    0x0800316c   0x0800316c   0x00000018   Data   RO          495    .constdata          rtc.o
    0x08003184   0x08003184   0x00000004   PAD
    0x08003188   0x08003188   0x00000038   Data   RO         4439    .constdata          m_ws.l(log.o)
    0x080031c0   0x080031c0   0x00000008   Data   RO         4759    .constdata          m_ws.l(qnan.o)
    0x080031c8   0x080031c8   0x00000020   Data   RO         4807    Region$$Table       anon$$obj.o


    Execution Region RW_IRAM1 (Exec base: 0x20000000, Load base: 0x080031e8, Size: 0x00000518, Max: 0x00005000, ABSOLUTE)

    Exec Addr    Load Addr    Size         Type   Attr      Idx    E Section Name        Object

    0x20000000   0x080031e8   0x00000014   Data   RW          315    .data               delay.o
    0x20000014   0x080031fc   0x00000001   Data   RW          367    .data               led.o
    0x20000015   0x080031fd   0x00000001   PAD
    0x20000016   0x080031fe   0x00000002   Data   RW          496    .data               rtc.o
    0x20000018   0x08003200   0x00000014   Data   RW         2484    .data               stm32f10x_rcc.o
    0x2000002c   0x08003214   0x00000016   Data   RW         3941    .data               boxing.o
    0x20000042   0x0800322a   0x00000005   Data   RW         3982    .data               max30100.o
    0x20000047   0x0800322f   0x00000001   PAD
    0x20000048   0x08003230   0x00000014   Data   RW         4067    .data               max30100_beatdetector.o
    0x2000005c   0x08003244   0x00000008   Data   RW         4134    .data               max30100_filters.o
    0x20000064   0x0800324c   0x00000037   Data   RW         4190    .data               max30100_pulseoximeter.o
    0x2000009b   0x08003283   0x00000001   PAD
    0x2000009c   0x08003284   0x0000003d   Data   RW         4280    .data               max30100_spo2calculator.o
    0x200000d9   0x080032c1   0x00000003   PAD
    0x200000dc   0x080032c4   0x00000004   Data   RW         4774    .data               mc_w.l(stdout.o)
    0x200000e0   0x080032c8   0x00000004   Data   RW         4786    .data               mc_w.l(errno.o)
    0x200000e4        -       0x0000000a   Zero   RW          494    .bss                rtc.o
    0x200000ee   0x080032cc   0x00000002   PAD
    0x200000f0        -       0x00000028   Zero   RW         3940    .bss                boxing.o
    0x20000118        -       0x00000400   Zero   RW            1    STACK               startup_stm32f10x_md.o


==============================================================================

Image component sizes


      Code (inc. data)   RO Data    RW Data    ZI Data      Debug   Object Name

       480         48          0         22         40       2098   boxing.o
       152         28          0         20          0      27155   delay.o
        88          8          0          0          0        509   key.o
      1278         50          0          0          0       7637   lcd_driver.o
       148         14          0          1          0       2462   led.o
       280         74          0          0          0     280070   main.o
       438         10          0          5          0       6582   max30100.o
       730        116          0         20          0       5332   max30100_beatdetector.o
       154         22          0          8          0       2481   max30100_filters.o
       530        114          0         55          0       5752   max30100_pulseoximeter.o
       360         64          0         61          0       2818   max30100_spo2calculator.o
       112         12          0          0          0       1168   misc.o
       690        108          0          0          0       4699   myiic.o
       900         36         24          2         10       5806   rtc.o
        36          8        236          0       1024        832   startup_stm32f10x_md.o
        72         10          0          0          0       2864   stm32f10x_bkp.o
       430          6          0          0          0       4054   stm32f10x_gpio.o
        24          0          0          0          0       3516   stm32f10x_it.o
        12          6          0          0          0        526   stm32f10x_pwr.o
       388         58          0         20          0       7371   stm32f10x_rcc.o
       260         48          0          0          0       5276   stm32f10x_rtc.o
       254         42          0          0          0       4227   stm32f10x_tim.o
       274          6          0          0          0       4204   stm32f10x_usart.o
       328         28          0          0          0       2037   system_stm32f10x.o
       184         18          0          0          0      26074   tim3.o
       172         12          0          0          0       3433   usart1.o

    ----------------------------------------------------------------------
      8800        946        296        220       1076     418983   Object Totals
         0          0         32          0          0          0   (incl. Generated)
        26          0          4          6          2          0   (incl. Padding)

    ----------------------------------------------------------------------

      Code (inc. data)   RO Data    RW Data    ZI Data      Debug   Library Member Name

        34          4          0          0          0        204   dunder.o
       860         52         56          0          0        256   log.o
       170          0          0          0          0         96   poly.o
         0          0          8          0          0          0   qnan.o
         0          0          0          0          0          0   entry.o
         0          0          0          0          0          0   entry10a.o
         0          0          0          0          0          0   entry11a.o
         8          4          0          0          0          0   entry2.o
         4          0          0          0          0          0   entry5.o
         0          0          0          0          0          0   entry7b.o
         0          0          0          0          0          0   entry8b.o
         8          4          0          0          0          0   entry9a.o
        12          6          0          4          0         68   errno.o
        30          0          0          0          0          0   handlers.o
        36          8          0          0          0         68   init.o
         0          0          0          0          0          0   iusefp.o
        30          0          0          0          0         68   llshl.o
        36          0          0          0          0         68   llsshr.o
        32          0          0          0          0         68   llushr.o
       372         14          0          0          0        184   printf1.o
         0          0          0          4          0          0   stdout.o
        44          0          0          0          0         80   uidiv.o
        48          0          0          0          0         68   cdcmple.o
        48          0          0          0          0         68   cdrcmple.o
        20          0          0          0          0         68   cfcmple.o
        20          0          0          0          0         68   cfrcmple.o
        56          0          0          0          0         88   d2f.o
       334          0          0          0          0        148   dadd.o
       222          0          0          0          0        100   ddiv.o
       186          0          0          0          0        176   depilogue.o
        34          0          0          0          0         76   dflti.o
        26          0          0          0          0         76   dfltui.o
       228          0          0          0          0         96   dmul.o
        46          0          0          0          0         80   dscalb.o
        38          0          0          0          0         68   f2d.o
       176          0          0          0          0        140   fadd.o
       124          0          0          0          0         88   fdiv.o
       110          0          0          0          0        168   fepilogue.o
        50          0          0          0          0         68   ffixi.o
        40          0          0          0          0         68   ffixui.o
        18          0          0          0          0         68   fflti.o
        10          0          0          0          0         68   ffltui.o
       100          0          0          0          0         76   fmul.o

    ----------------------------------------------------------------------
      3616         92         64          8          0       3084   Library Totals
         6          0          0          0          0          0   (incl. Padding)

    ----------------------------------------------------------------------

      Code (inc. data)   RO Data    RW Data    ZI Data      Debug   Library Name

      1064         56         64          0          0        556   m_ws.l
       612         36          0          8          0        604   mc_w.l
      1934          0          0          0          0       1924   mf_w.l

    ----------------------------------------------------------------------
      3616         92         64          8          0       3084   Library Totals

    ----------------------------------------------------------------------

==============================================================================


      Code (inc. data)   RO Data    RW Data    ZI Data      Debug   

     12416       1038        360        228       1076     414523   Grand Totals
     12416       1038        360        228       1076     414523   ELF Image Totals
     12416       1038        360        228          0          0   ROM Totals

==============================================================================

    Total RO  Size (Code + RO Data)                12776 (  12.48kB)
    Total RW  Size (RW Data + ZI Data)              1304 (   1.27kB)
    Total ROM Size (Code + RO Data + RW Data)      13004 (  12.70kB)

==============================================================================

